 addon

 Timestamp is 5f1013da (Thu Jul 16 16:46:18 2020)

 Preferred load address is 0000000180000000

 Start         Length     Name                   Class
 0001:00000000 0000c380H .text$mn                CODE
 0001:0000c380 00000040H .text$mn$00             CODE
 0001:0000c3c0 000002e0H .text$x                 CODE
 0002:00000000 00000250H .idata$5                DATA
 0002:00000250 00000028H .00cfg                  DATA
 0002:00000278 00000008H .CRT$XCA                DATA
 0002:00000280 00000008H .CRT$XCU                DATA
 0002:00000288 00000008H .CRT$XCZ                DATA
 0002:00000290 00000008H .CRT$XIA                DATA
 0002:00000298 00000018H .CRT$XIC                DATA
 0002:000002b0 00000008H .CRT$XIZ                DATA
 0002:000002b8 00000008H .CRT$XPA                DATA
 0002:000002c0 00000010H .CRT$XPX                DATA
 0002:000002d0 00000008H .CRT$XPXA               DATA
 0002:000002d8 00000008H .CRT$XPZ                DATA
 0002:000002e0 00000008H .CRT$XTA                DATA
 0002:000002e8 00000008H .CRT$XTZ                DATA
 0002:000002f0 00000000H .gfids$y                DATA
 0002:000002f0 00007698H .rdata                  DATA
 0002:00007988 000002fcH .rdata$r                DATA
 0002:00007c84 000003c4H .rdata$zzzdbg           DATA
 0002:00008048 00000008H .rtc$IAA                DATA
 0002:00008050 00000008H .rtc$IZZ                DATA
 0002:00008058 00000008H .rtc$TAA                DATA
 0002:00008060 00000008H .rtc$TZZ                DATA
 0002:00008068 00000c38H .xdata                  DATA
 0002:00008ca0 0000017cH .xdata$x                DATA
 0002:00008e1c 00000020H .didat$2                DATA
 0002:00008e3c 00000024H .didat$3                DATA
 0002:00008e60 00000060H .didat$4                DATA
 0002:00008ec0 00000300H .didat$6                DATA
 0002:000091c0 00000060H .didat$7                DATA
 0002:00009220 00000050H .edata                  DATA
 0002:00009270 00000014H .idata$2                DATA
 0002:00009284 00000014H .idata$3                DATA
 0002:00009298 00000250H .idata$4                DATA
 0002:000094e8 00000560H .idata$6                DATA
 0003:00000000 00000a20H .data                   DATA
 0003:00000a20 000000f0H .data$r                 DATA
 0003:00000b10 00000060H .didat$5                DATA
 0003:00000b70 00001200H .bss                    DATA
 0004:00000000 00000f60H .pdata                  DATA
 0005:00000000 00000094H _RDATA                  DATA
 0006:00000000 00000060H .rsrc$01                DATA
 0006:00000060 00000180H .rsrc$02                DATA

  Address         Publics by Value              Rva+Base               Lib:Object

 0000:00000000       __x64_code_ranges_to_entry_points 0000000000000000     <absolute>
 0000:00000000       __guard_fids_count         0000000000000000     <absolute>
 0000:00000000       __hybrid_code_map          0000000000000000     <absolute>
 0000:00000000       __guard_iat_count          0000000000000000     <absolute>
 0000:00000000       __guard_eh_cont_count      0000000000000000     <absolute>
 0000:00000000       __arm64x_native_entrypoint 0000000000000000     <absolute>
 0000:00000000       __volatile_metadata        0000000000000000     <absolute>
 0000:00000000       __guard_longjmp_count      0000000000000000     <absolute>
 0000:00000000       __guard_longjmp_table      0000000000000000     <absolute>
 0000:00000000       __arm64x_redirection_metadata 0000000000000000     <absolute>
 0000:00000000       __guard_iat_table          0000000000000000     <absolute>
 0000:00000000       __hybrid_code_map_count    0000000000000000     <absolute>
 0000:00000000       __guard_eh_cont_table      0000000000000000     <absolute>
 0000:00000000       ___safe_se_handler_count   0000000000000000     <absolute>
 0000:00000000       __enclave_config           0000000000000000     <absolute>
 0000:00000000       __AbsoluteZero             0000000000000000     <absolute>
 0000:00000000       __dynamic_value_reloc_table 0000000000000000     <absolute>
 0000:00000000       ___safe_se_handler_table   0000000000000000     <absolute>
 0000:00000000       __guard_fids_table         0000000000000000     <absolute>
 0000:00000000       __hybrid_auxiliary_iat     0000000000000000     <absolute>
 0000:00000100       __guard_flags              0000000000000100     <absolute>
 0000:00000000       __ImageBase                0000000180000000     <linker-defined>
 0001:00000000       ?what@exception@stdext@@UEBAPEBDXZ 0000000180001000 f i hello.obj
 0001:00000020       ?_Raise@exception@stdext@@QEBAXXZ 0000000180001020 f i hello.obj
 0001:00000060       ?_Doraise@exception@stdext@@MEBAXXZ 0000000180001060 f i hello.obj
 0001:00000060       _guard_check_icall_nop     0000000180001060 f i LIBCMT:guard_support.obj
 0001:00000070       ??_Gbad_array_new_length@stdext@@UEAAPEAXI@Z 0000000180001070 f i hello.obj
 0001:00000070       ??_Ebad_array_new_length@stdext@@UEAAPEAXI@Z 0000000180001070 f i * CIL library *:* CIL module *
 0001:00000070       ??_Eexception@stdext@@UEAAPEAXI@Z 0000000180001070 f i * CIL library *:* CIL module *
 0001:00000070       ??_Gexception@stdext@@UEAAPEAXI@Z 0000000180001070 f i hello.obj
 0001:000000a0       ?_Doraise@bad_alloc@stdext@@MEBAXXZ 00000001800010a0 f i hello.obj
 0001:000000c0       ??0bad_array_new_length@stdext@@QEAA@XZ 00000001800010c0 f i hello.obj
 0001:000000e0       ?_Throw_bad_array_new_length@std@@YAXXZ 00000001800010e0 f i hello.obj
 0001:00000100       ?_Xlen_string@std@@YAXXZ   0000000180001100 f i hello.obj
 0001:00000120       ?to_string@std@@YA?AV?$basic_string@DU?$char_traits@D@std@@V?$allocator@D@2@@1@_J@Z 0000000180001120 f i hello.obj
 0001:00000210       ?getCPUUsage@demo@@YA?AV?$basic_string@DU?$char_traits@D@std@@V?$allocator@D@2@@std@@XZ 0000000180001210 f   hello.obj
 0001:00000560       ?Method@demo@@YAXAEBV?$FunctionCallbackInfo@VValue@v8@@@v8@@@Z 0000000180001560 f   hello.obj
 0001:00000640       ?init@demo@@YAXV?$Local@VObject@v8@@@v8@@@Z 0000000180001640 f   hello.obj
 0001:00000760       ?assign@?$basic_string@DU?$char_traits@D@std@@V?$allocator@D@2@@std@@QEAAAEAV12@QEBD_K@Z 0000000180001760 f i hello.obj
 0001:000008c0       ??0?$basic_string@DU?$char_traits@D@std@@V?$allocator@D@2@@std@@QEAA@U_String_constructor_concat_tag@1@AEAV01@1@Z 00000001800018c0 f i hello.obj
 0001:00000ac0       ??$_Reallocate_grow_by@V<lambda_65e615be2a453ca0576c979606f46740>@@PEBD_K@?$basic_string@DU?$char_traits@D@std@@V?$allocator@D@2@@std@@AEAAAEAV01@_KV<lambda_65e615be2a453ca0576c979606f46740>@@PEBD_K@Z 0000000180001ac0 f i hello.obj
 0001:00000c84       __imp_load_?GetCurrentContext@Isolate@v8@@QEAA?AV?$Local@VContext@v8@@@2@XZ 0000000180001c84 f   node:node.exe
 0001:00000c90       __tailMerge_node_exe       0000000180001c90     node:node.exe
 0001:00000d09       __imp_load_?GetCurrent@Isolate@v8@@SAPEAV12@XZ 0000000180001d09 f   node:node.exe
 0001:00000d15       __imp_load_??1HandleScope@v8@@QEAA@XZ 0000000180001d15 f   node:node.exe
 0001:00000d21       __imp_load_??0HandleScope@v8@@QEAA@PEAVIsolate@1@@Z 0000000180001d21 f   node:node.exe
 0001:00000d2d       __imp_load_?GetFunction@FunctionTemplate@v8@@QEAA?AV?$MaybeLocal@VFunction@v8@@@2@V?$Local@VContext@v8@@@2@@Z 0000000180001d2d f   node:node.exe
 0001:00000d39       __imp_load_?New@FunctionTemplate@v8@@SA?AV?$Local@VFunctionTemplate@v8@@@2@PEAVIsolate@2@P6AXAEBV?$FunctionCallbackInfo@VValue@v8@@@2@@ZV?$Local@VValue@v8@@@2@V?$Local@VSignature@v8@@@2@HW4ConstructorBehavior@2@W4SideEffectType@2@@Z 0000000180001d39 f   node:node.exe
 0001:00000d45       __imp_load_?ToLocalEmpty@V8@v8@@CAXXZ 0000000180001d45 f   node:node.exe
 0001:00000d51       __imp_load_?NewFromUtf8@String@v8@@SA?AV?$MaybeLocal@VString@v8@@@2@PEAVIsolate@2@PEBDW4NewStringType@2@H@Z 0000000180001d51 f   node:node.exe
 0001:00000d5d       __imp_load_?Set@Object@v8@@QEAA_NV?$Local@VValue@v8@@@2@0@Z 0000000180001d5d f   node:node.exe
 0001:00000d69       __imp_load_?SetName@Function@v8@@QEAAXV?$Local@VString@v8@@@2@@Z 0000000180001d69 f   node:node.exe
 0001:00000d75       __imp_load_node_module_register 0000000180001d75 f   node:node.exe
 0001:00000d84       ??0bad_alloc@std@@QEAA@AEBV01@@Z 0000000180001d84 f i libcpmt:xthrow.obj
 0001:00000dc0       ??0bad_alloc@std@@QEAA@XZ  0000000180001dc0 f i libcpmt:xthrow.obj
 0001:00000de0       ??0exception@std@@QEAA@AEBV01@@Z 0000000180001de0 f i libcpmt:xthrow.obj
 0001:00000e14       ??0length_error@std@@QEAA@AEBV01@@Z 0000000180001e14 f i libcpmt:xthrow.obj
 0001:00000e50       ??0length_error@std@@QEAA@PEBD@Z 0000000180001e50 f i libcpmt:xthrow.obj
 0001:00000e98       ??0logic_error@std@@QEAA@AEBV01@@Z 0000000180001e98 f i libcpmt:xthrow.obj
 0001:00000ed4       ??1length_error@std@@UEAA@XZ 0000000180001ed4 f i libcpmt:xthrow.obj
 0001:00000ed4       ??1bad_array_new_length@std@@UEAA@XZ 0000000180001ed4 f i LIBCMT:throw_bad_alloc.obj
 0001:00000ed4       ??1bad_alloc@std@@UEAA@XZ  0000000180001ed4 f i libcpmt:xthrow.obj
 0001:00000ee8       ??_Gbad_alloc@std@@UEAAPEAXI@Z 0000000180001ee8 f i libcpmt:xthrow.obj
 0001:00000ee8       ??_Ebad_array_new_length@std@@UEAAPEAXI@Z 0000000180001ee8 f i LIBCMT:throw_bad_alloc.obj
 0001:00000ee8       ??_Elogic_error@std@@UEAAPEAXI@Z 0000000180001ee8 f i libcpmt:xthrow.obj
 0001:00000ee8       ??_Elength_error@std@@UEAAPEAXI@Z 0000000180001ee8 f i libcpmt:xthrow.obj
 0001:00000ee8       ??_Ebad_alloc@std@@UEAAPEAXI@Z 0000000180001ee8 f i libcpmt:xthrow.obj
 0001:00000ee8       ??_Gexception@std@@UEAAPEAXI@Z 0000000180001ee8 f i libcpmt:xthrow.obj
 0001:00000ee8       ??_Glength_error@std@@UEAAPEAXI@Z 0000000180001ee8 f i libcpmt:xthrow.obj
 0001:00000ee8       ??_Eexception@std@@UEAAPEAXI@Z 0000000180001ee8 f i libcpmt:xthrow.obj
 0001:00000ee8       ??_Glogic_error@std@@UEAAPEAXI@Z 0000000180001ee8 f i libcpmt:xthrow.obj
 0001:00000ee8       ??_Gbad_array_new_length@std@@UEAAPEAXI@Z 0000000180001ee8 f i LIBCMT:throw_bad_alloc.obj
 0001:00000f2c       ?_Xlength_error@std@@YAXPEBD@Z 0000000180001f2c f   libcpmt:xthrow.obj
 0001:00000f50       ?what@exception@std@@UEBAPEBDXZ 0000000180001f50 f i libcpmt:xthrow.obj
 0001:00000f80       __security_check_cookie    0000000180001f80 f   LIBCMT:amdsecgs.obj
 0001:00000fa4       ??2@YAPEAX_K@Z             0000000180001fa4 f   LIBCMT:new_scalar.obj
 0001:00000fe0       ??3@YAXPEAX_K@Z            0000000180001fe0 f   LIBCMT:delete_scalar_size.obj
 0001:00001308       _DllMainCRTStartup         0000000180002308 f   LIBCMT:dll_dllmain.obj
 0001:00001348       ??_Etype_info@@UEAAPEAXI@Z 0000000180002348 f i LIBCMT:std_type_info_static.obj
 0001:00001348       ??_Gtype_info@@UEAAPEAXI@Z 0000000180002348 f i LIBCMT:std_type_info_static.obj
 0001:00001374       __raise_securityfailure    0000000180002374 f   LIBCMT:gs_report.obj
 0001:000013a8       __report_gsfailure         00000001800023a8 f   LIBCMT:gs_report.obj
 0001:0000147c       __report_rangecheckfailure 000000018000247c f   LIBCMT:gs_report.obj
 0001:00001490       __report_securityfailure   0000000180002490 f   LIBCMT:gs_report.obj
 0001:00001610       ??0bad_array_new_length@std@@QEAA@AEBV01@@Z 0000000180002610 f i LIBCMT:throw_bad_alloc.obj
 0001:0000164c       ??0bad_array_new_length@std@@QEAA@XZ 000000018000264c f i LIBCMT:throw_bad_alloc.obj
 0001:0000166c       ?__scrt_throw_std_bad_alloc@@YAXXZ 000000018000266c f   LIBCMT:throw_bad_alloc.obj
 0001:0000168c       ?__scrt_throw_std_bad_array_new_length@@YAXXZ 000000018000268c f   LIBCMT:throw_bad_alloc.obj
 0001:000016ac       ??3@YAXPEAX@Z              00000001800026ac f   LIBCMT:delete_scalar.obj
 0001:000016b4       __security_init_cookie     00000001800026b4 f   LIBCMT:gs_support.obj
 0001:00001760       _get_startup_argv_mode     0000000180002760 f   LIBCMT:argv_mode.obj
 0001:00001760       DllMain                    0000000180002760 f   LIBCMT:dll_dllmain_stub.obj
 0001:00001768       ?__scrt_initialize_type_info@@YAXXZ 0000000180002768 f   LIBCMT:tncleanup.obj
 0001:00001778       ?__scrt_uninitialize_type_info@@YAXXZ 0000000180002778 f   LIBCMT:tncleanup.obj
 0001:00001784       __local_stdio_printf_options 0000000180002784 f i LIBCMT:default_local_stdio_options.obj
 0001:0000178c       __local_stdio_scanf_options 000000018000278c f i LIBCMT:default_local_stdio_options.obj
 0001:00001794       __scrt_initialize_default_local_stdio_options 0000000180002794 f   LIBCMT:default_local_stdio_options.obj
 0001:000017b0       __scrt_acquire_startup_lock 00000001800027b0 f   LIBCMT:utility.obj
 0001:000017ec       __scrt_dllmain_after_initialize_c 00000001800027ec f   LIBCMT:utility.obj
 0001:00001820       __scrt_dllmain_before_initialize_c 0000000180002820 f   LIBCMT:utility.obj
 0001:00001838       __scrt_dllmain_crt_thread_attach 0000000180002838 f   LIBCMT:utility.obj
 0001:00001860       __scrt_dllmain_crt_thread_detach 0000000180002860 f   LIBCMT:utility.obj
 0001:00001878       __scrt_dllmain_exception_filter 0000000180002878 f   LIBCMT:utility.obj
 0001:000018d8       __scrt_dllmain_uninitialize_c 00000001800028d8 f   LIBCMT:utility.obj
 0001:00001908       __scrt_dllmain_uninitialize_critical 0000000180002908 f   LIBCMT:utility.obj
 0001:0000191c       __scrt_initialize_crt      000000018000291c f   LIBCMT:utility.obj
 0001:00001968       __scrt_initialize_onexit_tables 0000000180002968 f   LIBCMT:utility.obj
 0001:000019f4       __scrt_is_nonwritable_in_current_image 00000001800029f4 f   LIBCMT:utility.obj
 0001:00001a8c       __scrt_release_startup_lock 0000000180002a8c f   LIBCMT:utility.obj
 0001:00001ab0       __scrt_uninitialize_crt    0000000180002ab0 f   LIBCMT:utility.obj
 0001:00001adc       __scrt_get_dyn_tls_init_callback 0000000180002adc f   LIBCMT:dyn_tls_init.obj
 0001:00001ae4       __crt_debugger_hook        0000000180002ae4 f   LIBCMT:utility_desktop.obj
 0001:00001aec       __scrt_fastfail            0000000180002aec f   LIBCMT:utility_desktop.obj
 0001:00001c38       _RTC_Initialize            0000000180002c38 f   LIBCMT:initsect.obj
 0001:00001c74       _RTC_Terminate             0000000180002c74 f   LIBCMT:initsect.obj
 0001:00001cb0       __isa_available_init       0000000180002cb0 f   LIBCMT:cpu_disp.obj
 0001:00001e54       __scrt_is_ucrt_dll_in_use  0000000180002e54 f   LIBCMT:ucrt_detection.obj
 0001:00001e60       __std_exception_copy       0000000180002e60 f   libvcruntime:std_exception.obj
 0001:00001ef0       __std_exception_destroy    0000000180002ef0 f   libvcruntime:std_exception.obj
 0001:00001f18       _CxxThrowException         0000000180002f18 f   libvcruntime:throw.obj
 0001:00001fb8       __C_specific_handler       0000000180002fb8 f   libvcruntime:riscchandler.obj
 0001:000021c4       __std_type_info_destroy_list 00000001800031c4 f   libvcruntime:std_type_info.obj
 0001:000021f0       __vcrt_initialize          00000001800031f0 f   libvcruntime:initialization.obj
 0001:00002218       __vcrt_thread_attach       0000000180003218 f   libvcruntime:initialization.obj
 0001:0000222c       __vcrt_thread_detach       000000018000322c f   libvcruntime:initialization.obj
 0001:00002240       __vcrt_uninitialize        0000000180003240 f   libvcruntime:initialization.obj
 0001:0000225c       __vcrt_uninitialize_critical 000000018000325c f   libvcruntime:initialization.obj
 0001:0000226c       __DestructExceptionObject  000000018000326c f   libvcruntime:ehhelpers.obj
 0001:000022dc       ?_CallMemberFunction0@@YAXQEAX0@Z 00000001800032dc f i libvcruntime:ehhelpers.obj
 0001:000022f0       memset_repmovs             00000001800032f0 f   libvcruntime:memset.obj
 0001:00002310       memset                     0000000180003310 f   libvcruntime:memset.obj
 0001:000024b0       _NLG_Notify                00000001800034b0 f   libvcruntime:notify.obj
 0001:000024d0       __NLG_Dispatch2            00000001800034d0 f   libvcruntime:notify.obj
 0001:000024e0       __NLG_Return2              00000001800034e0 f   libvcruntime:notify.obj
 0001:000024e4       __except_validate_context_record 00000001800034e4 f   libvcruntime:jbcxrval.obj
 0001:0000251c       __vcrt_freefls             000000018000351c f   libvcruntime:per_thread_data.obj
 0001:0000253c       __vcrt_freeptd             000000018000353c f   libvcruntime:per_thread_data.obj
 0001:0000258c       __vcrt_getptd              000000018000358c f   libvcruntime:per_thread_data.obj
 0001:000025a8       __vcrt_getptd_noexit       00000001800035a8 f   libvcruntime:per_thread_data.obj
 0001:00002668       __vcrt_initialize_ptd      0000000180003668 f   libvcruntime:per_thread_data.obj
 0001:000026b0       __vcrt_uninitialize_ptd    00000001800036b0 f   libvcruntime:per_thread_data.obj
 0001:000026d4       __vcrt_initialize_locks    00000001800036d4 f   libvcruntime:locks.obj
 0001:00002708       __vcrt_uninitialize_locks  0000000180003708 f   libvcruntime:locks.obj
 0001:00002750       memcpy_repmovs             0000000180003750 f   libvcruntime:memcpy.obj
 0001:00002770       memcpy                     0000000180003770 f   libvcruntime:memcpy.obj
 0001:00002770       memmove                    0000000180003770 f   libvcruntime:memcpy.obj
 0001:00002c94       __vcrt_FlsAlloc            0000000180003c94 f   libvcruntime:winapi_downlevel.obj
 0001:00002cdc       __vcrt_FlsFree             0000000180003cdc f   libvcruntime:winapi_downlevel.obj
 0001:00002d24       __vcrt_FlsGetValue         0000000180003d24 f   libvcruntime:winapi_downlevel.obj
 0001:00002d6c       __vcrt_FlsSetValue         0000000180003d6c f   libvcruntime:winapi_downlevel.obj
 0001:00002dc0       __vcrt_InitializeCriticalSectionEx 0000000180003dc0 f   libvcruntime:winapi_downlevel.obj
 0001:00002e40       _CallSettingFrame          0000000180003e40 f   libvcruntime:handlers.obj
 0001:00002e90       _CallSettingFrame_LookupContinuationIndex 0000000180003e90 f   libvcruntime:handlers.obj
 0001:00002ec0       _CallSettingFrame_NotifyContinuationAddr 0000000180003ec0 f   libvcruntime:handlers.obj
 0001:00002ef0       _CallSettingFrameEncoded   0000000180003ef0 f   libvcruntime:handlers.obj
 0001:00002f38       __acrt_call_reportfault    0000000180003f38 f   libucrt:invalid_parameter.obj
 0001:00003094       __acrt_initialize_invalid_parameter_handler 0000000180004094 f   libucrt:invalid_parameter.obj
 0001:0000309c       _invalid_parameter         000000018000409c f   libucrt:invalid_parameter.obj
 0001:0000314c       _invalid_parameter_noinfo  000000018000414c f   libucrt:invalid_parameter.obj
 0001:0000316c       _invalid_parameter_noinfo_noreturn 000000018000416c f   libucrt:invalid_parameter.obj
 0001:0000319c       _invoke_watson             000000018000419c f   libucrt:invalid_parameter.obj
 0001:000031e4       ??0_LocaleUpdate@@QEAA@QEAU__crt_locale_pointers@@@Z 00000001800041e4 f i libucrt:stricmp.obj
 0001:00003280       __ascii_stricmp            0000000180004280 f   libucrt:stricmp.obj
 0001:000032bc       _stricmp                   00000001800042bc f   libucrt:stricmp.obj
 0001:00003304       _stricmp_l                 0000000180004304 f   libucrt:stricmp.obj
 0001:0000338c       __acrt_initialize_new_handler 000000018000438c f   libucrt:new_handler.obj
 0001:00003394       _callnewh                  0000000180004394 f   libucrt:new_handler.obj
 0001:000033c4       _query_new_handler         00000001800043c4 f   libucrt:new_handler.obj
 0001:000033f8       malloc                     00000001800043f8 f   libucrt:malloc.obj
 0001:00003400       _initterm                  0000000180004400 f   libucrt:initterm.obj
 0001:00003464       _initterm_e                0000000180004464 f   libucrt:initterm.obj
 0001:000034a4       free                       00000001800044a4 f   libucrt:free.obj
 0001:000034b8       _seh_filter_dll            00000001800044b8 f   libucrt:exception_filter.obj
 0001:000034cc       _seh_filter_exe            00000001800044cc f   libucrt:exception_filter.obj
 0001:000038bc       __acrt_initialize_thread_local_exit_callback 00000001800048bc f   libucrt:exit.obj
 0001:000038c4       _cexit                     00000001800048c4 f   libucrt:exit.obj
 0001:000038d4       _exit                      00000001800048d4 f   libucrt:exit.obj
 0001:000038e0       _is_c_termination_complete 00000001800048e0 f   libucrt:exit.obj
 0001:00003aac       __acrt_allocate_buffer_for_argv 0000000180004aac f   libucrt:argv_parsing.obj
 0001:00003b0c       _configure_narrow_argv     0000000180004b0c f   libucrt:argv_parsing.obj
 0001:00003e84       __dcrt_uninitialize_environments_nolock 0000000180004e84 f   libucrt:environment_initialization.obj
 0001:00003ebc       _initialize_narrow_environment 0000000180004ebc f   libucrt:environment_initialization.obj
 0001:00004018       _execute_onexit_table      0000000180005018 f   libucrt:onexit.obj
 0001:00004054       _initialize_onexit_table   0000000180005054 f   libucrt:onexit.obj
 0001:000040b4       __acrt_uninitialize_command_line 00000001800050b4 f   libucrt:argv_data.obj
 0001:000041ac       __acrt_initialize          00000001800051ac f   libucrt:initialization.obj
 0001:000041c0       __acrt_thread_attach       00000001800051c0 f   libucrt:initialization.obj
 0001:000041d4       __acrt_thread_detach       00000001800051d4 f   libucrt:initialization.obj
 0001:000041e4       __acrt_uninitialize        00000001800051e4 f   libucrt:initialization.obj
 0001:0000421c       __acrt_uninitialize_critical 000000018000521c f   libucrt:initialization.obj
 0001:0000422c       terminate                  000000018000522c f   libucrt:terminate.obj
 0001:0000424c       strcpy_s                   000000018000524c f   libucrt:strcpy_s.obj
 0001:000042ac       abort                      00000001800052ac f   libucrt:abort.obj
 0001:00004320       strncmp                    0000000180005320 f   libucrt:strncmp.obj
 0001:000043a0       calloc                     00000001800053a0 f   libucrt:calloc.obj
 0001:000043a8       wcsncmp                    00000001800053a8 f   libucrt:wcsncmp.obj
 0001:0000474c       __acrt_freeptd             000000018000574c f   libucrt:per_thread_data.obj
 0001:00004790       __acrt_getptd              0000000180005790 f   libucrt:per_thread_data.obj
 0001:00004864       __acrt_getptd_head         0000000180005864 f   libucrt:per_thread_data.obj
 0001:0000490c       __acrt_getptd_noexit       000000018000590c f   libucrt:per_thread_data.obj
 0001:000049d8       __acrt_initialize_ptd      00000001800059d8 f   libucrt:per_thread_data.obj
 0001:00004a14       __acrt_uninitialize_ptd    0000000180005a14 f   libucrt:per_thread_data.obj
 0001:00004a38       __acrt_errno_from_os_error 0000000180005a38 f   libucrt:errno.obj
 0001:00004a80       __acrt_errno_map_os_error  0000000180005a80 f   libucrt:errno.obj
 0001:00004ad0       __doserrno                 0000000180005ad0 f   libucrt:errno.obj
 0001:00004af0       _errno                     0000000180005af0 f   libucrt:errno.obj
 0001:00004b10       __acrt_update_locale_info  0000000180005b10 f   libucrt:locale_update.obj
 0001:00004b44       __acrt_update_multibyte_info 0000000180005b44 f   libucrt:locale_update.obj
 0001:00004be8       __acrt_set_locale_changed  0000000180005be8 f   libucrt:wsetlocale.obj
 0001:00004bf4       __acrt_uninitialize_locale 0000000180005bf4 f   libucrt:wsetlocale.obj
 0001:00004c24       __acrt_initialize_locks    0000000180005c24 f   libucrt:locks.obj
 0001:00004c6c       __acrt_lock                0000000180005c6c f   libucrt:locks.obj
 0001:00004c88       __acrt_uninitialize_locks  0000000180005c88 f   libucrt:locks.obj
 0001:00004cc0       __acrt_unlock              0000000180005cc0 f   libucrt:locks.obj
 0001:00004cdc       _malloc_base               0000000180005cdc f   libucrt:malloc_base.obj
 0001:00004d3c       _free_base                 0000000180005d3c f   libucrt:free_base.obj
 0001:00004d7c       __acrt_get_process_end_policy 0000000180005d7c f   libucrt:win_policies.obj
 0001:00004db8       _calloc_base               0000000180005db8 f   libucrt:calloc_base.obj
 0001:00004e44       ??$__acrt_mbs_to_wcs_cp@U__crt_win32_buffer_internal_dynamic_resizing@@@@YAHQEBDAEAV?$__crt_win32_buffer@_WU__crt_win32_buffer_internal_dynamic_resizing@@@@I@Z 0000000180005e44 f i libucrt:argv_wildcards.obj
 0001:00004fbc       ??$__acrt_wcs_to_mbs_cp@U__crt_win32_buffer_internal_dynamic_resizing@@@@YAHQEB_WAEAV?$__crt_win32_buffer@DU__crt_win32_buffer_internal_dynamic_resizing@@@@I@Z 0000000180005fbc f i libucrt:argv_wildcards.obj
 0001:000057ec       __acrt_expand_narrow_argv_wildcards 00000001800067ec f   libucrt:argv_wildcards.obj
 0001:000057f4       ??$__acrt_wcs_to_mbs_cp@U__crt_win32_buffer_no_resizing@@@@YAHQEB_WAEAV?$__crt_win32_buffer@DU__crt_win32_buffer_no_resizing@@@@I@Z 00000001800067f4 f i libucrt:getmodulefilenamea.obj
 0001:00005908       __acrt_GetModuleFileNameA  0000000180006908 f   libucrt:getmodulefilenamea.obj
 0001:00006154       __acrt_initialize_multibyte 0000000180007154 f   libucrt:mbctype.obj
 0001:000061b4       __acrt_update_thread_multibyte_data 00000001800071b4 f   libucrt:mbctype.obj
 0001:000061d0       _setmbcp_nolock            00000001800071d0 f   libucrt:mbctype.obj
 0001:00006504       _ismbblead                 0000000180007504 f   libucrt:ismbbyte.obj
 0001:00006518       __acrt_initialize_command_line 0000000180007518 f   libucrt:argv_data.obj
 0001:00006540       __acrt_MultiByteToWideChar 0000000180007540 f   libucrt:multibytetowidechar.obj
 0001:0000659c       __acrt_WideCharToMultiByte 000000018000759c f   libucrt:widechartomultibyte.obj
 0001:00006634       __dcrt_get_narrow_environment_from_os 0000000180007634 f   libucrt:get_environment_from_os.obj
 0001:00006738       _recalloc_base             0000000180007738 f   libucrt:recalloc.obj
 0001:000069a8       __acrt_AppPolicyGetProcessTerminationMethodInternal 00000001800079a8 f   libucrt:winapi_thunks.obj
 0001:000069f8       __acrt_AreFileApisANSI     00000001800079f8 f   libucrt:winapi_thunks.obj
 0001:00006a34       __acrt_FlsAlloc            0000000180007a34 f   libucrt:winapi_thunks.obj
 0001:00006a7c       __acrt_FlsFree             0000000180007a7c f   libucrt:winapi_thunks.obj
 0001:00006ac4       __acrt_FlsGetValue         0000000180007ac4 f   libucrt:winapi_thunks.obj
 0001:00006b0c       __acrt_FlsSetValue         0000000180007b0c f   libucrt:winapi_thunks.obj
 0001:00006b60       __acrt_InitializeCriticalSectionEx 0000000180007b60 f   libucrt:winapi_thunks.obj
 0001:00006bc4       __acrt_LCMapStringEx       0000000180007bc4 f   libucrt:winapi_thunks.obj
 0001:00006ca0       __acrt_LocaleNameToLCID    0000000180007ca0 f   libucrt:winapi_thunks.obj
 0001:00006cf0       __acrt_initialize_winapi_thunks 0000000180007cf0 f   libucrt:winapi_thunks.obj
 0001:00006d24       __acrt_uninitialize_winapi_thunks 0000000180007d24 f   libucrt:winapi_thunks.obj
 0001:00006d68       __acrt_initialize_heap     0000000180007d68 f   libucrt:heap_handle.obj
 0001:00006d84       __acrt_uninitialize_heap   0000000180007d84 f   libucrt:heap_handle.obj
 0001:00006f8c       __acrt_initialize_lowio    0000000180007f8c f   libucrt:ioinit.obj
 0001:00006fc8       __acrt_uninitialize_lowio  0000000180007fc8 f   libucrt:ioinit.obj
 0001:00007008       __acrt_execute_initializers 0000000180008008 f   libucrt:shared_initialization.obj
 0001:00007088       __acrt_execute_uninitializers 0000000180008088 f   libucrt:shared_initialization.obj
 0001:0000710c       __acrt_get_sigabrt_handler 000000018000810c f   libucrt:signal.obj
 0001:0000713c       __acrt_initialize_signal_handlers 000000018000813c f   libucrt:signal.obj
 0001:0000715c       raise                      000000018000815c f   libucrt:signal.obj
 0001:000073c8       __acrt_has_user_matherr    00000001800083c8 f   libucrt:matherr.obj
 0001:000073e8       __acrt_initialize_user_matherr 00000001800083e8 f   libucrt:matherr.obj
 0001:000073f0       __acrt_invoke_user_matherr 00000001800083f0 f   libucrt:matherr.obj
 0001:000075fc       __acrt_stdio_flush_nolock  00000001800085fc f   libucrt:fflush.obj
 0001:00007678       _fflush_nolock             0000000180008678 f   libucrt:fflush.obj
 0001:000076c4       _flushall                  00000001800086c4 f   libucrt:fflush.obj
 0001:000076cc       __acrt_initialize_stdio    00000001800086cc f   libucrt:_file.obj
 0001:000077ec       __acrt_uninitialize_stdio  00000001800087ec f   libucrt:_file.obj
 0001:00007848       _lock_file                 0000000180008848 f   libucrt:_file.obj
 0001:00007854       _unlock_file               0000000180008854 f   libucrt:_file.obj
 0001:00007860       _mbtowc_l                  0000000180008860 f   libucrt:mbtowc.obj
 0001:000079e0       mbtowc                     00000001800089e0 f   libucrt:mbtowc.obj
 0001:000079e8       _fileno                    00000001800089e8 f   libucrt:fileno.obj
 0001:00007a10       __pctype_func              0000000180008a10 f   libucrt:ctype.obj
 0001:00007a40       __acrt_add_locale_ref      0000000180008a40 f   libucrt:locale_refcounting.obj
 0001:00007acc       __acrt_free_locale         0000000180008acc f   libucrt:locale_refcounting.obj
 0001:00007c44       __acrt_locale_add_lc_time_reference 0000000180008c44 f   libucrt:locale_refcounting.obj
 0001:00007c6c       __acrt_locale_free_lc_time_if_unreferenced 0000000180008c6c f   libucrt:locale_refcounting.obj
 0001:00007ca4       __acrt_locale_release_lc_time_reference 0000000180008ca4 f   libucrt:locale_refcounting.obj
 0001:00007ccc       __acrt_release_locale_ref  0000000180008ccc f   libucrt:locale_refcounting.obj
 0001:00007d74       __acrt_update_thread_locale_data 0000000180008d74 f   libucrt:locale_refcounting.obj
 0001:00007de0       _updatetlocinfoEx_nolock   0000000180008de0 f   libucrt:locale_refcounting.obj
 0001:00007e48       __acrt_locale_free_monetary 0000000180008e48 f   libucrt:initmon.obj
 0001:00007f54       __acrt_locale_free_numeric 0000000180008f54 f   libucrt:initnum.obj
 0001:00008018       __acrt_locale_free_time    0000000180009018 f   libucrt:inittime.obj
 0001:00008120       __acrt_GetStringTypeA      0000000180009120 f   libucrt:getstringtypea.obj
 0001:000082b0       _query_new_mode            00000001800092b0 f   libucrt:new_mode.obj
 0001:000082c0       qsort                      00000001800092c0 f   libucrt:qsort.obj
 0001:00008670       strncpy_s                  0000000180009670 f   libucrt:strncpy_s.obj
 0001:000087f0       strpbrk                    00000001800097f0 f   libucrt:strpbrk.obj
 0001:00008bd0       _mbsdec                    0000000180009bd0 f   libucrt:mbsdec.obj
 0001:00008bd8       _mbsdec_l                  0000000180009bd8 f   libucrt:mbsdec.obj
 0001:00008f84       __acrt_LCMapStringA        0000000180009f84 f   libucrt:lcmapstringa.obj
 0001:00009034       _msize_base                000000018000a034 f   libucrt:msize.obj
 0001:00009070       _realloc_base              000000018000a070 f   libucrt:realloc_base.obj
 0001:000090ec       __acrt_DownlevelLocaleNameToLCID 000000018000a0ec f   libucrt:lcidtoname_downlevel.obj
 0001:0000919c       __acrt_lowio_create_handle_array 000000018000a19c f   libucrt:osfinfo.obj
 0001:00009244       __acrt_lowio_destroy_handle_array 000000018000a244 f   libucrt:osfinfo.obj
 0001:00009294       __acrt_lowio_ensure_fh_exists 000000018000a294 f   libucrt:osfinfo.obj
 0001:0000933c       __acrt_lowio_lock_fh       000000018000a33c f   libucrt:osfinfo.obj
 0001:00009364       __acrt_lowio_unlock_fh     000000018000a364 f   libucrt:osfinfo.obj
 0001:0000938c       _free_osfhnd               000000018000a38c f   libucrt:osfinfo.obj
 0001:00009448       _get_osfhandle             000000018000a448 f   libucrt:osfinfo.obj
 0001:0000954c       _commit                    000000018000a54c f   libucrt:commit.obj
 0001:00009e40       _write                     000000018000ae40 f   libucrt:write.obj
 0001:00009f2c       _write_nolock              000000018000af2c f   libucrt:write.obj
 0001:0000a208       _fcloseall                 000000018000b208 f   libucrt:closeall.obj
 0001:0000a2bc       __acrt_stdio_free_buffer_nolock 000000018000b2bc f   libucrt:_freebuf.obj
 0001:0000a2fc       _isatty                    000000018000b2fc f   libucrt:isatty.obj
 0001:0000a35c       _isleadbyte_l              000000018000b35c f i libucrt:_wctype.obj
 0001:0000a3a8       ?__mbrtowc_utf8@__crt_mbstring@@YA_KPEA_WPEBD_KPEAU_Mbstatet@@@Z 000000018000b3a8 f   libucrt:mbrtowc.obj
 0001:0000a3e4       ?__mbsrtowcs_utf8@__crt_mbstring@@YA_KPEA_WPEAPEBD_KPEAU_Mbstatet@@@Z 000000018000b3e4 f   libucrt:mbrtowc.obj
 0001:0000a55c       __ascii_wcsnicmp           000000018000b55c f   libucrt:wcsnicmp.obj
 0001:0000a5a8       __strncnt                  000000018000b5a8 f   libucrt:strncnt.obj
 0001:0000a5c0       _query_app_type            000000018000b5c0 f   libucrt:report_runtime_error.obj
 0001:0000a664       _lseeki64_nolock           000000018000b664 f   libucrt:lseek.obj
 0001:0000a66c       _putwch_nolock             000000018000b66c f   libucrt:putwch.obj
 0001:0000a6a8       _fclose_nolock             000000018000b6a8 f   libucrt:fclose.obj
 0001:0000a72c       fclose                     000000018000b72c f   libucrt:fclose.obj
 0001:0000a790       ?__mbrtoc32_utf8@__crt_mbstring@@YA_KPEA_UPEBD_KPEAU_Mbstatet@@@Z 000000018000b790 f   libucrt:mbrtoc32.obj
 0001:0000a970       log10                      000000018000b970 f   libucrt:log10.obj
 0001:0000af1c       __dcrt_lowio_ensure_console_output_initialized 000000018000bf1c f   libucrt:initcon.obj
 0001:0000af70       __dcrt_terminate_console_output 000000018000bf70 f   libucrt:initcon.obj
 0001:0000af8c       __dcrt_write_console       000000018000bf8c f   libucrt:initcon.obj
 0001:0000b0c0       _close                     000000018000c0c0 f   libucrt:close.obj
 0001:0000b164       _close_nolock              000000018000c164 f   libucrt:close.obj
 0001:0000b224       ?__acrt_stdio_free_stream@@YAXV__crt_stdio_stream@@@Z 000000018000c224 f   libucrt:stream.obj
 0001:0000b364       _handle_error              000000018000c364 f   libucrt:libm_error.obj
 0001:0000b490       __acrt_initialize_fma3     000000018000c490 f   libucrt:fma3_available.obj
 0001:0000b500       _log10_special             000000018000c500 f   libucrt:log_special.obj
 0001:0000b5d0       _get_fpsr                  000000018000c5d0 f   libucrt:fpsr.obj
 0001:0000b5e0       _set_fpsr                  000000018000c5e0 f   libucrt:fpsr.obj
 0001:0000b5ea       _fclrf                     000000018000c5ea f   libucrt:fpsr.obj
 0001:0000b5fe       _frnd                      000000018000c5fe f   libucrt:fpsr.obj
 0001:0000b620       _raise_exc                 000000018000c620 f   libucrt:fpexcept.obj
 0001:0000b648       _raise_exc_ex              000000018000c648 f   libucrt:fpexcept.obj
 0001:0000b958       _set_errno_from_matherr    000000018000c958 f   libucrt:fpexcept.obj
 0001:0000b988       _clrfp                     000000018000c988 f   libucrt:fpctrl.obj
 0001:0000b9a8       _ctrlfp                    000000018000c9a8 f   libucrt:fpctrl.obj
 0001:0000ba24       _set_statfp                000000018000ca24 f   libucrt:fpctrl.obj
 0001:0000ba44       _statfp                    000000018000ca44 f   libucrt:fpctrl.obj
 0001:0000ba55       IsProcessorFeaturePresent  000000018000ca55 f   kernel32:KERNEL32.dll
 0001:0000ba5c       ?DloadAcquireSectionWriteAccess@@YAXXZ 000000018000ca5c f i DelayImp:delayhlp.obj
 0001:0000bb08       ?DloadGetSRWLockFunctionPointers@@YAEXZ 000000018000cb08 f i DelayImp:delayhlp.obj
 0001:0000bba4       ?DloadMakePermanentImageCommit@@YAXPEAX_K@Z 000000018000cba4 f i DelayImp:delayhlp.obj
 0001:0000bc3c       ?DloadObtainSection@@YAPEAXPEAK0@Z 000000018000cc3c f i DelayImp:delayhlp.obj
 0001:0000bcd8       ?DloadProtectSection@@YAXKPEAK@Z 000000018000ccd8 f i DelayImp:delayhlp.obj
 0001:0000bd68       ?DloadReleaseSectionWriteAccess@@YAXXZ 000000018000cd68 f i DelayImp:delayhlp.obj
 0001:0000bdfc       __delayLoadHelper2         000000018000cdfc f   DelayImp:delayhlp.obj
 0001:0000c0e0       _FindPESection             000000018000d0e0 f   LIBCMT:pesect.obj
 0001:0000c130       _IsNonwritableInCurrentImage 000000018000d130 f   LIBCMT:pesect.obj
 0001:0000c180       _ValidateImageBase         000000018000d180 f   LIBCMT:pesect.obj
 0001:0000c1b0       __GSHandlerCheck           000000018000d1b0 f   LIBCMT:gshandler.obj
 0001:0000c1d0       __GSHandlerCheckCommon     000000018000d1d0 f   LIBCMT:gshandler.obj
 0001:0000c240       _alloca_probe              000000018000d240 f   LIBCMT:chkstk.obj
 0001:0000c240       __chkstk                   000000018000d240 f   LIBCMT:chkstk.obj
 0001:0000c2b0       memcmp                     000000018000d2b0 f   libvcruntime:memcmp.obj
 0001:0000c390       _guard_dispatch_icall_nop  000000018000d390 f   LIBCMT:guard_dispatch.obj
 0001:0000c3b0       _guard_xfg_dispatch_icall_nop 000000018000d3b0 f   LIBCMT:guard_xfg_dispatch.obj
 0002:00000000       __imp_GetSystemTimes       000000018000e000     kernel32:KERNEL32.dll
 0002:00000008       __imp_GetModuleHandleA     000000018000e008     kernel32:KERNEL32.dll
 0002:00000010       __imp_LoadLibraryExA       000000018000e010     kernel32:KERNEL32.dll
 0002:00000018       __imp_RtlCaptureContext    000000018000e018     kernel32:KERNEL32.dll
 0002:00000020       __imp_RtlLookupFunctionEntry 000000018000e020     kernel32:KERNEL32.dll
 0002:00000028       __imp_RtlVirtualUnwind     000000018000e028     kernel32:KERNEL32.dll
 0002:00000030       __imp_UnhandledExceptionFilter 000000018000e030     kernel32:KERNEL32.dll
 0002:00000038       __imp_SetUnhandledExceptionFilter 000000018000e038     kernel32:KERNEL32.dll
 0002:00000040       __imp_GetCurrentProcess    000000018000e040     kernel32:KERNEL32.dll
 0002:00000048       __imp_TerminateProcess     000000018000e048     kernel32:KERNEL32.dll
 0002:00000050       __imp_IsProcessorFeaturePresent 000000018000e050     kernel32:KERNEL32.dll
 0002:00000058       __imp_QueryPerformanceCounter 000000018000e058     kernel32:KERNEL32.dll
 0002:00000060       __imp_GetCurrentProcessId  000000018000e060     kernel32:KERNEL32.dll
 0002:00000068       __imp_GetCurrentThreadId   000000018000e068     kernel32:KERNEL32.dll
 0002:00000070       __imp_GetSystemTimeAsFileTime 000000018000e070     kernel32:KERNEL32.dll
 0002:00000078       __imp_InitializeSListHead  000000018000e078     kernel32:KERNEL32.dll
 0002:00000080       __imp_IsDebuggerPresent    000000018000e080     kernel32:KERNEL32.dll
 0002:00000088       __imp_GetStartupInfoW      000000018000e088     kernel32:KERNEL32.dll
 0002:00000090       __imp_GetModuleHandleW     000000018000e090     kernel32:KERNEL32.dll
 0002:00000098       __imp_RtlPcToFileHeader    000000018000e098     kernel32:KERNEL32.dll
 0002:000000a0       __imp_RaiseException       000000018000e0a0     kernel32:KERNEL32.dll
 0002:000000a8       __imp_RtlUnwindEx          000000018000e0a8     kernel32:KERNEL32.dll
 0002:000000b0       __imp_InterlockedFlushSList 000000018000e0b0     kernel32:KERNEL32.dll
 0002:000000b8       __imp_GetLastError         000000018000e0b8     kernel32:KERNEL32.dll
 0002:000000c0       __imp_SetLastError         000000018000e0c0     kernel32:KERNEL32.dll
 0002:000000c8       __imp_EnterCriticalSection 000000018000e0c8     kernel32:KERNEL32.dll
 0002:000000d0       __imp_LeaveCriticalSection 000000018000e0d0     kernel32:KERNEL32.dll
 0002:000000d8       __imp_DeleteCriticalSection 000000018000e0d8     kernel32:KERNEL32.dll
 0002:000000e0       __imp_InitializeCriticalSectionAndSpinCount 000000018000e0e0     kernel32:KERNEL32.dll
 0002:000000e8       __imp_TlsAlloc             000000018000e0e8     kernel32:KERNEL32.dll
 0002:000000f0       __imp_TlsGetValue          000000018000e0f0     kernel32:KERNEL32.dll
 0002:000000f8       __imp_TlsSetValue          000000018000e0f8     kernel32:KERNEL32.dll
 0002:00000100       __imp_TlsFree              000000018000e100     kernel32:KERNEL32.dll
 0002:00000108       __imp_FreeLibrary          000000018000e108     kernel32:KERNEL32.dll
 0002:00000110       __imp_GetProcAddress       000000018000e110     kernel32:KERNEL32.dll
 0002:00000118       __imp_LoadLibraryExW       000000018000e118     kernel32:KERNEL32.dll
 0002:00000120       __imp_ExitProcess          000000018000e120     kernel32:KERNEL32.dll
 0002:00000128       __imp_GetModuleHandleExW   000000018000e128     kernel32:KERNEL32.dll
 0002:00000130       __imp_GetModuleFileNameW   000000018000e130     kernel32:KERNEL32.dll
 0002:00000138       __imp_HeapAlloc            000000018000e138     kernel32:KERNEL32.dll
 0002:00000140       __imp_HeapFree             000000018000e140     kernel32:KERNEL32.dll
 0002:00000148       __imp_FindClose            000000018000e148     kernel32:KERNEL32.dll
 0002:00000150       __imp_FindFirstFileExW     000000018000e150     kernel32:KERNEL32.dll
 0002:00000158       __imp_FindNextFileW        000000018000e158     kernel32:KERNEL32.dll
 0002:00000160       __imp_IsValidCodePage      000000018000e160     kernel32:KERNEL32.dll
 0002:00000168       __imp_GetACP               000000018000e168     kernel32:KERNEL32.dll
 0002:00000170       __imp_GetOEMCP             000000018000e170     kernel32:KERNEL32.dll
 0002:00000178       __imp_GetCPInfo            000000018000e178     kernel32:KERNEL32.dll
 0002:00000180       __imp_GetCommandLineA      000000018000e180     kernel32:KERNEL32.dll
 0002:00000188       __imp_GetCommandLineW      000000018000e188     kernel32:KERNEL32.dll
 0002:00000190       __imp_MultiByteToWideChar  000000018000e190     kernel32:KERNEL32.dll
 0002:00000198       __imp_WideCharToMultiByte  000000018000e198     kernel32:KERNEL32.dll
 0002:000001a0       __imp_GetEnvironmentStringsW 000000018000e1a0     kernel32:KERNEL32.dll
 0002:000001a8       __imp_FreeEnvironmentStringsW 000000018000e1a8     kernel32:KERNEL32.dll
 0002:000001b0       __imp_LCMapStringW         000000018000e1b0     kernel32:KERNEL32.dll
 0002:000001b8       __imp_GetProcessHeap       000000018000e1b8     kernel32:KERNEL32.dll
 0002:000001c0       __imp_GetStdHandle         000000018000e1c0     kernel32:KERNEL32.dll
 0002:000001c8       __imp_GetFileType          000000018000e1c8     kernel32:KERNEL32.dll
 0002:000001d0       __imp_GetStringTypeW       000000018000e1d0     kernel32:KERNEL32.dll
 0002:000001d8       __imp_HeapSize             000000018000e1d8     kernel32:KERNEL32.dll
 0002:000001e0       __imp_HeapReAlloc          000000018000e1e0     kernel32:KERNEL32.dll
 0002:000001e8       __imp_SetStdHandle         000000018000e1e8     kernel32:KERNEL32.dll
 0002:000001f0       __imp_FlushFileBuffers     000000018000e1f0     kernel32:KERNEL32.dll
 0002:000001f8       __imp_WriteFile            000000018000e1f8     kernel32:KERNEL32.dll
 0002:00000200       __imp_GetConsoleCP         000000018000e200     kernel32:KERNEL32.dll
 0002:00000208       __imp_GetConsoleMode       000000018000e208     kernel32:KERNEL32.dll
 0002:00000210       __imp_SetFilePointerEx     000000018000e210     kernel32:KERNEL32.dll
 0002:00000218       __imp_CreateFileW          000000018000e218     kernel32:KERNEL32.dll
 0002:00000220       __imp_CloseHandle          000000018000e220     kernel32:KERNEL32.dll
 0002:00000228       __imp_WriteConsoleW        000000018000e228     kernel32:KERNEL32.dll
 0002:00000230       __imp_GetSystemInfo        000000018000e230     kernel32:KERNEL32.dll
 0002:00000238       __imp_VirtualProtect       000000018000e238     kernel32:KERNEL32.dll
 0002:00000240       __imp_VirtualQuery         000000018000e240     kernel32:KERNEL32.dll
 0002:00000248       \177KERNEL32_NULL_THUNK_DATA 000000018000e248     kernel32:KERNEL32.dll
 0002:00000250       __guard_check_icall_fptr   000000018000e250     LIBCMT:guard_support.obj
 0002:00000258       __guard_xfg_check_icall_fptr 000000018000e258     LIBCMT:guard_support.obj
 0002:00000260       __guard_dispatch_icall_fptr 000000018000e260     LIBCMT:guard_support.obj
 0002:00000268       __guard_xfg_dispatch_icall_fptr 000000018000e268     LIBCMT:guard_support.obj
 0002:00000270       __guard_xfg_table_dispatch_icall_fptr 000000018000e270     LIBCMT:guard_support.obj
 0002:00000278       __xc_a                     000000018000e278     LIBCMT:initializers.obj
 0002:00000280       _register_addon_           000000018000e280     hello.obj
 0002:00000288       __xc_z                     000000018000e288     LIBCMT:initializers.obj
 0002:00000290       __xi_a                     000000018000e290     LIBCMT:initializers.obj
 0002:00000298       __acrt_multibyte_initializer 000000018000e298     libucrt:multibyte_initializer.obj
 0002:000002a0       __acrt_stdio_initializer   000000018000e2a0     libucrt:stdio_initializer.obj
 0002:000002a8       __acrt_tran_fma3_initializer 000000018000e2a8     libucrt:fma3_initializer.obj
 0002:000002b0       __xi_z                     000000018000e2b0     LIBCMT:initializers.obj
 0002:000002b8       __xp_a                     000000018000e2b8     LIBCMT:initializers.obj
 0002:000002c0       __acrt_locale_terminator   000000018000e2c0     libucrt:locale_initializer.obj
 0002:000002c8       __dcrt_console_output_terminator 000000018000e2c8     libucrt:console_output_initializer.obj
 0002:000002d0       __acrt_stdio_terminator    000000018000e2d0     libucrt:stdio_initializer.obj
 0002:000002d8       __xp_z                     000000018000e2d8     LIBCMT:initializers.obj
 0002:000002e0       __xt_a                     000000018000e2e0     LIBCMT:initializers.obj
 0002:000002e8       __xt_z                     000000018000e2e8     LIBCMT:initializers.obj
 0002:000002f0       __sz_node_exe              000000018000e2f0     node:node.exe
 0002:00000308       ??_7exception@std@@6B@     000000018000e308     libcpmt:xthrow.obj
 0002:00000318       ??_C@_0BC@EOODALEL@Unknown?5exception@ 000000018000e318     libcpmt:xthrow.obj
 0002:00000338       ??_7bad_alloc@std@@6B@     000000018000e338     libcpmt:xthrow.obj
 0002:00000348       ??_C@_0P@GHFPNOJB@bad?5allocation@ 000000018000e348     libcpmt:xthrow.obj
 0002:00000360       ??_7logic_error@std@@6B@   000000018000e360     libcpmt:xthrow.obj
 0002:00000378       ??_7length_error@std@@6B@  000000018000e378     libcpmt:xthrow.obj
 0002:00000388       _pDefaultRawDllMain        000000018000e388     LIBCMT:dll_dllmain.obj
 0002:00000388       _pRawDllMain               000000018000e388     LIBCMT:dll_dllmain.obj
 0002:00000398       ??_7type_info@@6B@         000000018000e398     LIBCMT:std_type_info_static.obj
 0002:000003b8       ??_7bad_array_new_length@std@@6B@ 000000018000e3b8     LIBCMT:throw_bad_alloc.obj
 0002:000003d0       __xmm@ffffffffffffffffffffffffffffffff 000000018000e3d0     LIBCMT:utility.obj
 0002:000003e0       _pDestructExceptionObject  000000018000e3e0     libvcruntime:ehhelpers.obj
 0002:00000af0       ??_C@_08EHJDFFNH@__based?$CI@ 000000018000eaf0     libvcruntime:undname.obj
 0002:00000b00       ??_C@_07KOLFKCDI@__cdecl@  000000018000eb00     libvcruntime:undname.obj
 0002:00000b08       ??_C@_08GHMPAG@__pascal@   000000018000eb08     libvcruntime:undname.obj
 0002:00000b18       ??_C@_09IFJBGAPI@__stdcall@ 000000018000eb18     libvcruntime:undname.obj
 0002:00000b28       ??_C@_0L@NPHFGOKO@__thiscall@ 000000018000eb28     libvcruntime:undname.obj
 0002:00000b38       ??_C@_0L@JMKHOMEK@__fastcall@ 000000018000eb38     libvcruntime:undname.obj
 0002:00000b48       ??_C@_0N@BCKKPABJ@__vectorcall@ 000000018000eb48     libvcruntime:undname.obj
 0002:00000b58       ??_C@_09HIJEGCPM@__clrcall@ 000000018000eb58     libvcruntime:undname.obj
 0002:00000b64       ??_C@_06GHPCKEAG@__eabi@   000000018000eb64     libvcruntime:undname.obj
 0002:00000b70       ??_C@_09IOPIDJLG@__swift_1@ 000000018000eb70     libvcruntime:undname.obj
 0002:00000b80       ??_C@_09KFNFGKHF@__swift_2@ 000000018000eb80     libvcruntime:undname.obj
 0002:00000b90       ??_C@_07JOMMBBKO@__ptr64@  000000018000eb90     libvcruntime:undname.obj
 0002:00000b98       ??_C@_0L@PILCLIHE@__restrict@ 000000018000eb98     libvcruntime:undname.obj
 0002:00000ba8       ??_C@_0M@GFIIJFMG@__unaligned@ 000000018000eba8     libvcruntime:undname.obj
 0002:00000bb8       ??_C@_09DHDLOLLB@restrict?$CI@ 000000018000ebb8     libvcruntime:undname.obj
 0002:00000bc2       ??_C@_00CNPNBAHC@@         000000018000ebc2     libvcruntime:undname.obj
 0002:00000bc4       ??_C@_04NIHEBCM@?5new@     000000018000ebc4     libvcruntime:undname.obj
 0002:00000bd0       ??_C@_07FPCDHGMM@?5delete@ 000000018000ebd0     libvcruntime:undname.obj
 0002:00000bd8       ??_C@_01NEMOKFLO@?$DN@     000000018000ebd8     libvcruntime:undname.obj
 0002:00000bdc       ??_C@_02GPIOPFAK@?$DO?$DO@ 000000018000ebdc     libvcruntime:undname.obj
 0002:00000be0       ??_C@_02FODMEDOG@?$DM?$DM@ 000000018000ebe0     libvcruntime:undname.obj
 0002:00000be4       ??_C@_01DCLJPIOD@?$CB@     000000018000ebe4     libvcruntime:undname.obj
 0002:00000be8       ??_C@_02EGOFBIJA@?$DN?$DN@ 000000018000ebe8     libvcruntime:undname.obj
 0002:00000bec       ??_C@_02FDNJECIE@?$CB?$DN@ 000000018000ebec     libvcruntime:undname.obj
 0002:00000bf0       ??_C@_02GPECMEKF@?$FL?$FN@ 000000018000ebf0     libvcruntime:undname.obj
 0002:00000bf8       ??_C@_08LHJFAFGD@operator@ 000000018000ebf8     libvcruntime:undname.obj
 0002:00000c04       ??_C@_02HBOOOICD@?9?$DO@   000000018000ec04     libvcruntime:undname.obj
 0002:00000c08       ??_C@_01NBENCBCI@?$CK@     000000018000ec08     libvcruntime:undname.obj
 0002:00000c0c       ??_C@_02ECNGHCIF@?$CL?$CL@ 000000018000ec0c     libvcruntime:undname.obj
 0002:00000c10       ??_C@_02BAABKJLB@?9?9@     000000018000ec10     libvcruntime:undname.obj
 0002:00000c14       ??_C@_01JOAMLHOP@?9@       000000018000ec14     libvcruntime:undname.obj
 0002:00000c18       ??_C@_01MIFGBAGJ@?$CL@     000000018000ec18     libvcruntime:undname.obj
 0002:00000c1c       ??_C@_01HNPIGOCE@?$CG@     000000018000ec1c     libvcruntime:undname.obj
 0002:00000c20       ??_C@_03MNHNFDLC@?9?$DO?$CK@ 000000018000ec20     libvcruntime:undname.obj
 0002:00000c24       ??_C@_01KMDKNFGN@?1@       000000018000ec24     libvcruntime:undname.obj
 0002:00000c28       ??_C@_01FGNFDNOH@?$CF@     000000018000ec28     libvcruntime:undname.obj
 0002:00000c2c       ??_C@_01MNNFJEPP@?$DM@     000000018000ec2c     libvcruntime:undname.obj
 0002:00000c30       ??_C@_02EHCHHCKH@?$DM?$DN@ 000000018000ec30     libvcruntime:undname.obj
 0002:00000c34       ??_C@_01PPODPGHN@?$DO@     000000018000ec34     libvcruntime:undname.obj
 0002:00000c38       ??_C@_02EEKDKGMJ@?$DO?$DN@ 000000018000ec38     libvcruntime:undname.obj
 0002:00000c3c       ??_C@_01IHBHIGKO@?0@       000000018000ec3c     libvcruntime:undname.obj
 0002:00000c40       ??_C@_02HCKGKOFO@?$CI?$CJ@ 000000018000ec40     libvcruntime:undname.obj
 0002:00000c44       ??_C@_01PJKLJHI@?$HO@      000000018000ec44     libvcruntime:undname.obj
 0002:00000c48       ??_C@_01JKBOJNNK@?$FO@     000000018000ec48     libvcruntime:undname.obj
 0002:00000c4c       ??_C@_01DNKMNLPK@?$HM@     000000018000ec4c     libvcruntime:undname.obj
 0002:00000c50       ??_C@_02PPKAJPJL@?$CG?$CG@ 000000018000ec50     libvcruntime:undname.obj
 0002:00000c54       ??_C@_02NONPIBCD@?$HM?$HM@ 000000018000ec54     libvcruntime:undname.obj
 0002:00000c58       ??_C@_02FPIMKNGF@?$CK?$DN@ 000000018000ec58     libvcruntime:undname.obj
 0002:00000c5c       ??_C@_02FOEOMHFC@?$CL?$DN@ 000000018000ec5c     libvcruntime:undname.obj
 0002:00000c60       ??_C@_02FKMDLLOA@?9?$DN@   000000018000ec60     libvcruntime:undname.obj
 0002:00000c64       ??_C@_02FJEHGPIO@?1?$DN@   000000018000ec64     libvcruntime:undname.obj
 0002:00000c68       ??_C@_02FENAOKFI@?$CF?$DN@ 000000018000ec68     libvcruntime:undname.obj
 0002:00000c6c       ??_C@_03IKFCCPFF@?$DO?$DO?$DN@ 000000018000ec6c     libvcruntime:undname.obj
 0002:00000c70       ??_C@_03CDNPDDLA@?$DM?$DM?$DN@ 000000018000ec70     libvcruntime:undname.obj
 0002:00000c74       ??_C@_02FGJGFEAB@?$CG?$DN@ 000000018000ec74     libvcruntime:undname.obj
 0002:00000c78       ??_C@_02DHLNPPGH@?$HM?$DN@ 000000018000ec78     libvcruntime:undname.obj
 0002:00000c7c       ??_C@_02MHEGNOJ@?$FO?$DN@  000000018000ec7c     libvcruntime:undname.obj
 0002:00000c80       ??_C@_09IFPLHPGF@?$GAvftable?8@ 000000018000ec80     libvcruntime:undname.obj
 0002:00000c90       ??_C@_09BLBHBJP@?$GAvbtable?8@ 000000018000ec90     libvcruntime:undname.obj
 0002:00000ca0       ??_C@_07FEEIOKP@?$GAvcall?8@ 000000018000eca0     libvcruntime:undname.obj
 0002:00000ca8       ??_C@_08LLFFHHDJ@?$GAtypeof?8@ 000000018000eca8     libvcruntime:undname.obj
 0002:00000cb8       ??_C@_0BF@KDPPACIK@?$GAlocal?5static?5guard?8@ 000000018000ecb8     libvcruntime:undname.obj
 0002:00000cd0       ??_C@_08OBABFOLI@?$GAstring?8@ 000000018000ecd0     libvcruntime:undname.obj
 0002:00000ce0       ??_C@_0BD@JDLKDPAB@?$GAvbase?5destructor?8@ 000000018000ece0     libvcruntime:undname.obj
 0002:00000cf8       ??_C@_0BN@DEGPLNFK@?$GAvector?5deleting?5destructor?8@ 000000018000ecf8     libvcruntime:undname.obj
 0002:00000d18       ??_C@_0BO@OBMKPJIG@?$GAdefault?5constructor?5closure?8@ 000000018000ed18     libvcruntime:undname.obj
 0002:00000d38       ??_C@_0BN@IMDCHIKM@?$GAscalar?5deleting?5destructor?8@ 000000018000ed38     libvcruntime:undname.obj
 0002:00000d58       ??_C@_0BO@PFGOCPJJ@?$GAvector?5constructor?5iterator?8@ 000000018000ed58     libvcruntime:undname.obj
 0002:00000d78       ??_C@_0BN@LFPFMEDL@?$GAvector?5destructor?5iterator?8@ 000000018000ed78     libvcruntime:undname.obj
 0002:00000d98       ??_C@_0CE@IKBNEHA@?$GAvector?5vbase?5constructor?5itera@ 000000018000ed98     libvcruntime:undname.obj
 0002:00000dc0       ??_C@_0BL@NILFHHPC@?$GAvirtual?5displacement?5map?8@ 000000018000edc0     libvcruntime:undname.obj
 0002:00000de0       ??_C@_0CB@JONCMFFK@?$GAeh?5vector?5constructor?5iterator@ 000000018000ede0     libvcruntime:undname.obj
 0002:00000e08       ??_C@_0CA@GCEOPDGL@?$GAeh?5vector?5destructor?5iterator?8@ 000000018000ee08     libvcruntime:undname.obj
 0002:00000e28       ??_C@_0CH@OOJPLCPH@?$GAeh?5vector?5vbase?5constructor?5it@ 000000018000ee28     libvcruntime:undname.obj
 0002:00000e50       ??_C@_0BL@LLKPOHJI@?$GAcopy?5constructor?5closure?8@ 000000018000ee50     libvcruntime:undname.obj
 0002:00000e70       ??_C@_0BA@KBCDOMBN@?$GAudt?5returning?8@ 000000018000ee70     libvcruntime:undname.obj
 0002:00000e80       ??_C@_03KLGMFNMG@?$GAEH@   000000018000ee80     libvcruntime:undname.obj
 0002:00000e84       ??_C@_05KHLCHHI@?$GARTTI@  000000018000ee84     libvcruntime:undname.obj
 0002:00000e90       ??_C@_0BA@KKLDJDLB@?$GAlocal?5vftable?8@ 000000018000ee90     libvcruntime:undname.obj
 0002:00000ea0       ??_C@_0CE@IIHCMGGL@?$GAlocal?5vftable?5constructor?5clos@ 000000018000eea0     libvcruntime:undname.obj
 0002:00000ec4       ??_C@_06FHBGPFGH@?5new?$FL?$FN@ 000000018000eec4     libvcruntime:undname.obj
 0002:00000ed0       ??_C@_09LBNFPBCA@?5delete?$FL?$FN@ 000000018000eed0     libvcruntime:undname.obj
 0002:00000ee0       ??_C@_0P@HJKNJFNN@?$GAomni?5callsig?8@ 000000018000eee0     libvcruntime:undname.obj
 0002:00000ef0       ??_C@_0BL@CNOONJFP@?$GAplacement?5delete?5closure?8@ 000000018000eef0     libvcruntime:undname.obj
 0002:00000f10       ??_C@_0BN@CKNJLHMB@?$GAplacement?5delete?$FL?$FN?5closure?8@ 000000018000ef10     libvcruntime:undname.obj
 0002:00000f30       ??_C@_0CG@CFDHKGGD@?$GAmanaged?5vector?5constructor?5ite@ 000000018000ef30     libvcruntime:undname.obj
 0002:00000f58       ??_C@_0CF@IMGKMJNO@?$GAmanaged?5vector?5destructor?5iter@ 000000018000ef58     libvcruntime:undname.obj
 0002:00000f80       ??_C@_0CG@HLDDJMAG@?$GAeh?5vector?5copy?5constructor?5ite@ 000000018000ef80     libvcruntime:undname.obj
 0002:00000fa8       ??_C@_0CM@FCBBDIGB@?$GAeh?5vector?5vbase?5copy?5construct@ 000000018000efa8     libvcruntime:undname.obj
 0002:00000fd8       ??_C@_0BL@CLIPGLGB@?$GAdynamic?5initializer?5for?5?8@ 000000018000efd8     libvcruntime:undname.obj
 0002:00000ff8       ??_C@_0CB@PDBIFEP@?$GAdynamic?5atexit?5destructor?5for?5@ 000000018000eff8     libvcruntime:undname.obj
 0002:00001020       ??_C@_0CD@CGAJBKEJ@?$GAvector?5copy?5constructor?5iterat@ 000000018000f020     libvcruntime:undname.obj
 0002:00001048       ??_C@_0CJ@GJELGAMM@?$GAvector?5vbase?5copy?5constructor?5@ 000000018000f048     libvcruntime:undname.obj
 0002:00001078       ??_C@_0CL@FGIJHLCE@?$GAmanaged?5vector?5copy?5constructo@ 000000018000f078     libvcruntime:undname.obj
 0002:000010a8       ??_C@_0BM@PMGGMLDN@?$GAlocal?5static?5thread?5guard?8@ 000000018000f0a8     libvcruntime:undname.obj
 0002:000010c8       ??_C@_0N@BDNMDMOL@operator?5?$CC?$CC?5@ 000000018000f0c8     libvcruntime:undname.obj
 0002:000010d8       ??_C@_0BC@GGEBGALA@operator?5co_await@ 000000018000f0d8     libvcruntime:undname.obj
 0002:000010f0       ??_C@_0M@GAAIMMOH@operator?$DM?$DN?$DO@ 000000018000f0f0     libvcruntime:undname.obj
 0002:00001100       ??_C@_0BC@DAFEJGAK@?5Type?5Descriptor?8@ 000000018000f100     libvcruntime:undname.obj
 0002:00001118       ??_C@_0BM@LDKODKLH@?5Base?5Class?5Descriptor?5at?5?$CI@ 000000018000f118     libvcruntime:undname.obj
 0002:00001138       ??_C@_0BD@LGICGFMM@?5Base?5Class?5Array?8@ 000000018000f138     libvcruntime:undname.obj
 0002:00001150       ??_C@_0BN@MECKDCOJ@?5Class?5Hierarchy?5Descriptor?8@ 000000018000f150     libvcruntime:undname.obj
 0002:00001170       ??_C@_0BK@CFCOFLF@?5Complete?5Object?5Locator?8@ 000000018000f170     libvcruntime:undname.obj
 0002:00001190       ??_C@_0BG@JNJLAMPM@?$GAanonymous?5namespace?8@ 000000018000f190     libvcruntime:undname.obj
 0002:000011c0       ??_C@_1DM@KHCHBNEB@?$AAa?$AAp?$AAi?$AA?9?$AAm?$AAs?$AA?9?$AAw?$AAi?$AAn?$AA?9?$AAc?$AAo?$AAr?$AAe@ 000000018000f1c0     libvcruntime:winapi_downlevel.obj
 0002:00001200       ??_C@_1DK@LPPGFMPP@?$AAa?$AAp?$AAi?$AA?9?$AAm?$AAs?$AA?9?$AAw?$AAi?$AAn?$AA?9?$AAc?$AAo?$AAr?$AAe@ 000000018000f200     libvcruntime:winapi_downlevel.obj
 0002:00001240       ??_C@_1BC@GDMECMAK@?$AAk?$AAe?$AAr?$AAn?$AAe?$AAl?$AA3?$AA2@ 000000018000f240     libvcruntime:winapi_downlevel.obj
 0002:00001258       ??_C@_1BA@PFFKHIOG@?$AAa?$AAp?$AAi?$AA?9?$AAm?$AAs?$AA?9@ 000000018000f258     libvcruntime:winapi_downlevel.obj
 0002:00001270       ??_C@_08KNHFBNJ@FlsAlloc@  000000018000f270     libvcruntime:winapi_downlevel.obj
 0002:00001288       ??_C@_07PEJMOBNF@FlsFree@  000000018000f288     libvcruntime:winapi_downlevel.obj
 0002:00001298       ??_C@_0M@GDNOONDI@FlsGetValue@ 000000018000f298     libvcruntime:winapi_downlevel.obj
 0002:000012b0       ??_C@_0M@JCPCPOEF@FlsSetValue@ 000000018000f2b0     libvcruntime:winapi_downlevel.obj
 0002:000012c8       ??_C@_0BM@HCFOFFN@InitializeCriticalSectionEx@ 000000018000f2c8     libvcruntime:winapi_downlevel.obj
 0002:000012f0       __acrt_exception_action_table 000000018000f2f0     libucrt:exception_filter.obj
 0002:000013b0       __acrt_signal_action_table_count 000000018000f3b0     libucrt:exception_filter.obj
 0002:000013b8       __acrt_signal_action_first_fpe_index 000000018000f3b8     libucrt:exception_filter.obj
 0002:000013c0       __acrt_signal_action_fpe_count 000000018000f3c0     libucrt:exception_filter.obj
 0002:000013c8       ??_C@_1BI@BGOHAHKC@?$AAm?$AAs?$AAc?$AAo?$AAr?$AAe?$AAe?$AA?4?$AAd?$AAl?$AAl@ 000000018000f3c8     libucrt:exit.obj
 0002:000013e0       ??_C@_0P@MIGLKIOC@CorExitProcess@ 000000018000f3e0     libucrt:exit.obj
 0002:00001660       __lc_time_c                000000018000f660     libucrt:nlsdata.obj
 0002:00001920       ??_C@_03KOEHGMDN@Sun@      000000018000f920     libucrt:nlsdata.obj
 0002:00001924       ??_C@_03PDAGKDH@Mon@       000000018000f924     libucrt:nlsdata.obj
 0002:00001928       ??_C@_03NAGEINEP@Tue@      000000018000f928     libucrt:nlsdata.obj
 0002:0000192c       ??_C@_03MHOMLAJA@Wed@      000000018000f92c     libucrt:nlsdata.obj
 0002:00001930       ??_C@_03IOFIKPDN@Thu@      000000018000f930     libucrt:nlsdata.obj
 0002:00001934       ??_C@_03IDIOELNC@Fri@      000000018000f934     libucrt:nlsdata.obj
 0002:00001938       ??_C@_03FEFJNEK@Sat@       000000018000f938     libucrt:nlsdata.obj
 0002:0000193c       ??_C@_06OOPIFAJ@Sunday@    000000018000f93c     libucrt:nlsdata.obj
 0002:00001944       ??_C@_06JLEDEDGH@Monday@   000000018000f944     libucrt:nlsdata.obj
 0002:00001950       ??_C@_07BAAGCFCM@Tuesday@  000000018000f950     libucrt:nlsdata.obj
 0002:00001958       ??_C@_09DLIGFAKA@Wednesday@ 000000018000f958     libucrt:nlsdata.obj
 0002:00001968       ??_C@_08HACCIKIA@Thursday@ 000000018000f968     libucrt:nlsdata.obj
 0002:00001974       ??_C@_06JECMNKMI@Friday@   000000018000f974     libucrt:nlsdata.obj
 0002:00001980       ??_C@_08INBOOONO@Saturday@ 000000018000f980     libucrt:nlsdata.obj
 0002:0000198c       ??_C@_03JIHJHPIE@Jan@      000000018000f98c     libucrt:nlsdata.obj
 0002:00001990       ??_C@_03HJBDCHOM@Feb@      000000018000f990     libucrt:nlsdata.obj
 0002:00001994       ??_C@_03ODNJBKGA@Mar@      000000018000f994     libucrt:nlsdata.obj
 0002:00001998       ??_C@_03LEOLGMJP@Apr@      000000018000f998     libucrt:nlsdata.obj
 0002:0000199c       ??_C@_03CNMDKL@May@        000000018000f99c     libucrt:nlsdata.obj
 0002:000019a0       ??_C@_03IDFGHECI@Jun@      000000018000f9a0     libucrt:nlsdata.obj
 0002:000019a4       ??_C@_03LBGABGKK@Jul@      000000018000f9a4     libucrt:nlsdata.obj
 0002:000019a8       ??_C@_03IFJFEIGA@Aug@      000000018000f9a8     libucrt:nlsdata.obj
 0002:000019ac       ??_C@_03GGCAPAJC@Sep@      000000018000f9ac     libucrt:nlsdata.obj
 0002:000019b0       ??_C@_03BMAOKBAD@Oct@      000000018000f9b0     libucrt:nlsdata.obj
 0002:000019b4       ??_C@_03JPJOFNIA@Nov@      000000018000f9b4     libucrt:nlsdata.obj
 0002:000019b8       ??_C@_03MKABNOCG@Dec@      000000018000f9b8     libucrt:nlsdata.obj
 0002:000019c0       ??_C@_07CGJPFGJA@January@  000000018000f9c0     libucrt:nlsdata.obj
 0002:000019c8       ??_C@_08GNJGEPFN@February@ 000000018000f9c8     libucrt:nlsdata.obj
 0002:000019d4       ??_C@_05HPCKOFNC@March@    000000018000f9d4     libucrt:nlsdata.obj
 0002:000019dc       ??_C@_05DMJDNLEJ@April@    000000018000f9dc     libucrt:nlsdata.obj
 0002:000019e4       ??_C@_04CNLMGBGM@June@     000000018000f9e4     libucrt:nlsdata.obj
 0002:000019ec       ??_C@_04MIEPOIFP@July@     000000018000f9ec     libucrt:nlsdata.obj
 0002:000019f4       ??_C@_06LBBHFDDG@August@   000000018000f9f4     libucrt:nlsdata.obj
 0002:00001a00       ??_C@_09BHHEALKD@September@ 000000018000fa00     libucrt:nlsdata.obj
 0002:00001a10       ??_C@_07JJNFCEND@October@  000000018000fa10     libucrt:nlsdata.obj
 0002:00001a18       ??_C@_08HCHEGEOA@November@ 000000018000fa18     libucrt:nlsdata.obj
 0002:00001a28       ??_C@_08EDHMEBNP@December@ 000000018000fa28     libucrt:nlsdata.obj
 0002:00001a34       ??_C@_02DEDBPAFC@AM@       000000018000fa34     libucrt:nlsdata.obj
 0002:00001a38       ??_C@_02CJNFDJBF@PM@       000000018000fa38     libucrt:nlsdata.obj
 0002:00001a40       ??_C@_08BPBNCDIB@MM?1dd?1yy@ 000000018000fa40     libucrt:nlsdata.obj
 0002:00001a50       ??_C@_0BE@CKGJFCPC@dddd?0?5MMMM?5dd?0?5yyyy@ 000000018000fa50     libucrt:nlsdata.obj
 0002:00001a68       ??_C@_08JCCMCCIL@HH?3mm?3ss@ 000000018000fa68     libucrt:nlsdata.obj
 0002:00001a78       ??_C@_17MBGCMIPB@?$AAS?$AAu?$AAn@ 000000018000fa78     libucrt:nlsdata.obj
 0002:00001a80       ??_C@_17KBOMKBF@?$AAM?$AAo?$AAn@ 000000018000fa80     libucrt:nlsdata.obj
 0002:00001a88       ??_C@_17BMKGEGOJ@?$AAT?$AAu?$AAe@ 000000018000fa88     libucrt:nlsdata.obj
 0002:00001a90       ??_C@_17CJEDCEPE@?$AAW?$AAe?$AAd@ 000000018000fa90     libucrt:nlsdata.obj
 0002:00001a98       ??_C@_17PDPHAADD@?$AAT?$AAh?$AAu@ 000000018000fa98     libucrt:nlsdata.obj
 0002:00001aa0       ??_C@_17HFOLPPLP@?$AAF?$AAr?$AAi@ 000000018000faa0     libucrt:nlsdata.obj
 0002:00001aa8       ??_C@_17GGIBDPIH@?$AAS?$AAa?$AAt@ 000000018000faa8     libucrt:nlsdata.obj
 0002:00001ab0       ??_C@_1O@IHNHDHPB@?$AAS?$AAu?$AAn?$AAd?$AAa?$AAy@ 000000018000fab0     libucrt:nlsdata.obj
 0002:00001ac0       ??_C@_1O@MMNBFLIA@?$AAM?$AAo?$AAn?$AAd?$AAa?$AAy@ 000000018000fac0     libucrt:nlsdata.obj
 0002:00001ad0       ??_C@_1BA@ENFBFFEK@?$AAT?$AAu?$AAe?$AAs?$AAd?$AAa?$AAy@ 000000018000fad0     libucrt:nlsdata.obj
 0002:00001ae0       ??_C@_1BE@EBOGMDOH@?$AAW?$AAe?$AAd?$AAn?$AAe?$AAs?$AAd?$AAa?$AAy@ 000000018000fae0     libucrt:nlsdata.obj
 0002:00001af8       ??_C@_1BC@HHMNLIHE@?$AAT?$AAh?$AAu?$AAr?$AAs?$AAd?$AAa?$AAy@ 000000018000faf8     libucrt:nlsdata.obj
 0002:00001b10       ??_C@_1O@PDICJHAG@?$AAF?$AAr?$AAi?$AAd?$AAa?$AAy@ 000000018000fb10     libucrt:nlsdata.obj
 0002:00001b20       ??_C@_1BC@ENMNNPAJ@?$AAS?$AAa?$AAt?$AAu?$AAr?$AAd?$AAa?$AAy@ 000000018000fb20     libucrt:nlsdata.obj
 0002:00001b38       ??_C@_17DKNBKCHM@?$AAJ?$AAa?$AAn@ 000000018000fb38     libucrt:nlsdata.obj
 0002:00001b40       ??_C@_17LMDJEKJN@?$AAF?$AAe?$AAb@ 000000018000fb40     libucrt:nlsdata.obj
 0002:00001b48       ??_C@_17CKNLEDEC@?$AAM?$AAa?$AAr@ 000000018000fb48     libucrt:nlsdata.obj
 0002:00001b50       ??_C@_17LFPOIHDD@?$AAA?$AAp?$AAr@ 000000018000fb50     libucrt:nlsdata.obj
 0002:00001b58       ??_C@_17PNNKMEED@?$AAM?$AAa?$AAy@ 000000018000fb58     libucrt:nlsdata.obj
 0002:00001b60       ??_C@_17KCJGOCPB@?$AAJ?$AAu?$AAn@ 000000018000fb60     libucrt:nlsdata.obj
 0002:00001b68       ??_C@_17IJPCKHK@?$AAJ?$AAu?$AAl@ 000000018000fb68     libucrt:nlsdata.obj
 0002:00001b70       ??_C@_17ICPELBCN@?$AAA?$AAu?$AAg@ 000000018000fb70     libucrt:nlsdata.obj
 0002:00001b78       ??_C@_17HCHCOKMG@?$AAS?$AAe?$AAp@ 000000018000fb78     libucrt:nlsdata.obj
 0002:00001b80       ??_C@_17FNLKOI@?$AAO?$AAc?$AAt@ 000000018000fb80     libucrt:nlsdata.obj
 0002:00001b88       ??_C@_17BBDMLCIG@?$AAN?$AAo?$AAv@ 000000018000fb88     libucrt:nlsdata.obj
 0002:00001b90       ??_C@_17EGKACKIF@?$AAD?$AAe?$AAc@ 000000018000fb90     libucrt:nlsdata.obj
 0002:00001b98       ??_C@_1BA@EFMEIEBA@?$AAJ?$AAa?$AAn?$AAu?$AAa?$AAr?$AAy@ 000000018000fb98     libucrt:nlsdata.obj
 0002:00001ba8       ??_C@_1BC@JGDDFFAM@?$AAF?$AAe?$AAb?$AAr?$AAu?$AAa?$AAr?$AAy@ 000000018000fba8     libucrt:nlsdata.obj
 0002:00001bc0       ??_C@_1M@IKEENEDF@?$AAM?$AAa?$AAr?$AAc?$AAh@ 000000018000fbc0     libucrt:nlsdata.obj
 0002:00001bd0       ??_C@_1M@GJNLMHFD@?$AAA?$AAp?$AAr?$AAi?$AAl@ 000000018000fbd0     libucrt:nlsdata.obj
 0002:00001be0       ??_C@_19EPFLPGAP@?$AAJ?$AAu?$AAn?$AAe@ 000000018000fbe0     libucrt:nlsdata.obj
 0002:00001bf0       ??_C@_19BIFMLPCD@?$AAJ?$AAu?$AAl?$AAy@ 000000018000fbf0     libucrt:nlsdata.obj
 0002:00001c00       ??_C@_1O@PAHLKOAC@?$AAA?$AAu?$AAg?$AAu?$AAs?$AAt@ 000000018000fc00     libucrt:nlsdata.obj
 0002:00001c10       ??_C@_1BE@DKAAMBJL@?$AAS?$AAe?$AAp?$AAt?$AAe?$AAm?$AAb?$AAe?$AAr@ 000000018000fc10     libucrt:nlsdata.obj
 0002:00001c28       ??_C@_1BA@EPANDLNG@?$AAO?$AAc?$AAt?$AAo?$AAb?$AAe?$AAr@ 000000018000fc28     libucrt:nlsdata.obj
 0002:00001c38       ??_C@_1BC@BGLIFPF@?$AAN?$AAo?$AAv?$AAe?$AAm?$AAb?$AAe?$AAr@ 000000018000fc38     libucrt:nlsdata.obj
 0002:00001c50       ??_C@_1BC@FEMKIFH@?$AAD?$AAe?$AAc?$AAe?$AAm?$AAb?$AAe?$AAr@ 000000018000fc50     libucrt:nlsdata.obj
 0002:00001c64       ??_C@_15ODEHAHHF@?$AAA?$AAM@ 000000018000fc64     libucrt:nlsdata.obj
 0002:00001c6c       ??_C@_15CLMNNGEL@?$AAP?$AAM@ 000000018000fc6c     libucrt:nlsdata.obj
 0002:00001c78       ??_C@_1BC@IEBCMHCM@?$AAM?$AAM?$AA?1?$AAd?$AAd?$AA?1?$AAy?$AAy@ 000000018000fc78     libucrt:nlsdata.obj
 0002:00001c90       ??_C@_1CI@KNAKOEBC@?$AAd?$AAd?$AAd?$AAd?$AA?0?$AA?5?$AAM?$AAM?$AAM?$AAM?$AA?5?$AAd?$AAd?$AA?0?$AA?5@ 000000018000fc90     libucrt:nlsdata.obj
 0002:00001cb8       ??_C@_1BC@GDGBMEMK@?$AAH?$AAH?$AA?3?$AAm?$AAm?$AA?3?$AAs?$AAs@ 000000018000fcb8     libucrt:nlsdata.obj
 0002:00001cd0       ??_C@_1M@BMHNFIME@?$AAe?$AAn?$AA?9?$AAU?$AAS@ 000000018000fcd0     libucrt:nlsdata.obj
 0002:00001d00       ??_C@_1M@HPNHIDJI@?$AAj?$AAa?$AA?9?$AAJ?$AAP@ 000000018000fd00     libucrt:mbctype.obj
 0002:00001d10       ??_C@_1M@BIBDDEMK@?$AAz?$AAh?$AA?9?$AAC?$AAN@ 000000018000fd10     libucrt:mbctype.obj
 0002:00001d20       ??_C@_1M@JLOOOEGK@?$AAk?$AAo?$AA?9?$AAK?$AAR@ 000000018000fd20     libucrt:mbctype.obj
 0002:00001d30       ??_C@_1M@CLNBBOPM@?$AAz?$AAh?$AA?9?$AAT?$AAW@ 000000018000fd30     libucrt:mbctype.obj
 0002:00001de0       ??_C@_1EA@JGEFHKEI@?$AAa?$AAp?$AAi?$AA?9?$AAm?$AAs?$AA?9?$AAw?$AAi?$AAn?$AA?9?$AAc?$AAo?$AAr?$AAe@ 000000018000fde0     libucrt:winapi_thunks.obj
 0002:00001e20       ??_C@_1DI@IJCEHOCB@?$AAa?$AAp?$AAi?$AA?9?$AAm?$AAs?$AA?9?$AAw?$AAi?$AAn?$AA?9?$AAc?$AAo?$AAr?$AAe@ 000000018000fe20     libucrt:winapi_thunks.obj
 0002:00001e60       ??_C@_1EI@MPIAOHOC@?$AAa?$AAp?$AAi?$AA?9?$AAm?$AAs?$AA?9?$AAw?$AAi?$AAn?$AA?9?$AAc?$AAo?$AAr?$AAe@ 000000018000fe60     libucrt:winapi_thunks.obj
 0002:00001eb0       ??_C@_1FK@FPHCKFIE@?$AAa?$AAp?$AAi?$AA?9?$AAm?$AAs?$AA?9?$AAw?$AAi?$AAn?$AA?9?$AAc?$AAo?$AAr?$AAe@ 000000018000feb0     libucrt:winapi_thunks.obj
 0002:00001f10       ??_C@_1EM@DILCGIIO@?$AAa?$AAp?$AAi?$AA?9?$AAm?$AAs?$AA?9?$AAw?$AAi?$AAn?$AA?9?$AAc?$AAo?$AAr?$AAe@ 000000018000ff10     libucrt:winapi_thunks.obj
 0002:00001f60       ??_C@_1DM@LNCGDDPN@?$AAa?$AAp?$AAi?$AA?9?$AAm?$AAs?$AA?9?$AAw?$AAi?$AAn?$AA?9?$AAc?$AAo?$AAr?$AAe@ 000000018000ff60     libucrt:winapi_thunks.obj
 0002:00001fa0       ??_C@_1DO@FPAPJEMD@?$AAa?$AAp?$AAi?$AA?9?$AAm?$AAs?$AA?9?$AAw?$AAi?$AAn?$AA?9?$AAc?$AAo?$AAr?$AAe@ 000000018000ffa0     libucrt:winapi_thunks.obj
 0002:00001fe0       ??_C@_1DK@NDHNAHIO@?$AAa?$AAp?$AAi?$AA?9?$AAm?$AAs?$AA?9?$AAw?$AAi?$AAn?$AA?9?$AAc?$AAo?$AAr?$AAe@ 000000018000ffe0     libucrt:winapi_thunks.obj
 0002:00002020       ??_C@_1DM@KGHDGBCM@?$AAa?$AAp?$AAi?$AA?9?$AAm?$AAs?$AA?9?$AAw?$AAi?$AAn?$AA?9?$AAc?$AAo?$AAr?$AAe@ 0000000180010020     libucrt:winapi_thunks.obj
 0002:00002060       ??_C@_1EO@IJIOEFOH@?$AAa?$AAp?$AAi?$AA?9?$AAm?$AAs?$AA?9?$AAw?$AAi?$AAn?$AA?9?$AAr?$AAt?$AAc?$AAo@ 0000000180010060     libucrt:winapi_thunks.obj
 0002:000020b0       ??_C@_1FG@HHGEKANL@?$AAa?$AAp?$AAi?$AA?9?$AAm?$AAs?$AA?9?$AAw?$AAi?$AAn?$AA?9?$AAs?$AAe?$AAc?$AAu@ 00000001800100b0     libucrt:winapi_thunks.obj
 0002:00002110       ??_C@_1EG@DBIOJECG@?$AAe?$AAx?$AAt?$AA?9?$AAm?$AAs?$AA?9?$AAw?$AAi?$AAn?$AA?9?$AAn?$AAt?$AAu?$AAs@ 0000000180010110     libucrt:winapi_thunks.obj
 0002:00002160       ??_C@_1EO@FIHMJCLF@?$AAe?$AAx?$AAt?$AA?9?$AAm?$AAs?$AA?9?$AAw?$AAi?$AAn?$AA?9?$AAn?$AAt?$AAu?$AAs@ 0000000180010160     libucrt:winapi_thunks.obj
 0002:000021b0       ??_C@_1BC@DNHGCMLG@?$AAa?$AAd?$AAv?$AAa?$AAp?$AAi?$AA3?$AA2@ 00000001800101b0     libucrt:winapi_thunks.obj
 0002:000021c8       ??_C@_1M@OAIMIKLP@?$AAn?$AAt?$AAd?$AAl?$AAl@ 00000001800101c8     libucrt:winapi_thunks.obj
 0002:000021e0       ??_C@_1EG@DPGNFKGC@?$AAa?$AAp?$AAi?$AA?9?$AAm?$AAs?$AA?9?$AAw?$AAi?$AAn?$AA?9?$AAa?$AAp?$AAp?$AAm@ 00000001800101e0     libucrt:winapi_thunks.obj
 0002:00002228       ??_C@_1O@BCCLBEOE@?$AAu?$AAs?$AAe?$AAr?$AA3?$AA2@ 0000000180010228     libucrt:winapi_thunks.obj
 0002:00002238       ??_C@_1BA@IAIFMGEF@?$AAe?$AAx?$AAt?$AA?9?$AAm?$AAs?$AA?9@ 0000000180010238     libucrt:winapi_thunks.obj
 0002:00002250       ??_C@_0BA@FHFNEAED@AreFileApisANSI@ 0000000180010250     libucrt:winapi_thunks.obj
 0002:00002290       ??_C@_0O@KKBNKAPF@LCMapStringEx@ 0000000180010290     libucrt:winapi_thunks.obj
 0002:000022a8       ??_C@_0BB@HBDEELFH@LocaleNameToLCID@ 00000001800102a8     libucrt:winapi_thunks.obj
 0002:000022c0       ??_C@_0CF@OJOFEIGO@AppPolicyGetProcessTerminationM@ 00000001800102c0     libucrt:winapi_thunks.obj
 0002:000022f0       __newctype                 00000001800102f0     libucrt:ctype.obj
 0002:000025f0       __newclmap                 00000001800105f0     libucrt:ctype.obj
 0002:00002770       __newcumap                 0000000180010770     libucrt:ctype.obj
 0002:000028f0       ??_C@_15PJPFLCCM@?$AAu?$AAk@ 00000001800108f0     libucrt:get_qualified_locale.obj
 0002:00003740       ??_C@_15EMKDOKLE@?$AAa?$AAr@ 0000000180011740     libucrt:lcidtoname_downlevel.obj
 0002:00003748       ??_C@_15KNPADPLH@?$AAb?$AAg@ 0000000180011748     libucrt:lcidtoname_downlevel.obj
 0002:00003750       ??_C@_15EDMHLDMO@?$AAc?$AAa@ 0000000180011750     libucrt:lcidtoname_downlevel.obj
 0002:00003758       ??_C@_1O@BPEAJADD@?$AAz?$AAh?$AA?9?$AAC?$AAH?$AAS@ 0000000180011758     libucrt:lcidtoname_downlevel.obj
 0002:00003768       ??_C@_15LJNHCMNK@?$AAc?$AAs@ 0000000180011768     libucrt:lcidtoname_downlevel.obj
 0002:00003770       ??_C@_15FOMCIDHG@?$AAd?$AAa@ 0000000180011770     libucrt:lcidtoname_downlevel.obj
 0002:00003778       ??_C@_15NBKABECB@?$AAd?$AAe@ 0000000180011778     libucrt:lcidtoname_downlevel.obj
 0002:00003780       ??_C@_15GHPEIIAO@?$AAe?$AAl@ 0000000180011780     libucrt:lcidtoname_downlevel.obj
 0002:00003788       ??_C@_15MNPNEAIF@?$AAe?$AAn@ 0000000180011788     libucrt:lcidtoname_downlevel.obj
 0002:00003790       ??_C@_15GPIOMPMH@?$AAe?$AAs@ 0000000180011790     libucrt:lcidtoname_downlevel.obj
 0002:00003798       ??_C@_15NGLOAKJC@?$AAf?$AAi@ 0000000180011798     libucrt:lcidtoname_downlevel.obj
 0002:000037a0       ??_C@_15FBKGNKAM@?$AAf?$AAr@ 00000001800117a0     libucrt:lcidtoname_downlevel.obj
 0002:000037a8       ??_C@_15KGGCNEFK@?$AAh?$AAe@ 00000001800117a8     libucrt:lcidtoname_downlevel.obj
 0002:000037b0       ??_C@_15PGHLIDMF@?$AAh?$AAu@ 00000001800117b0     libucrt:lcidtoname_downlevel.obj
 0002:000037b8       ??_C@_15BIEMAPLM@?$AAi?$AAs@ 00000001800117b8     libucrt:lcidtoname_downlevel.obj
 0002:000037c0       ??_C@_15IFJLDHAF@?$AAi?$AAt@ 00000001800117c0     libucrt:lcidtoname_downlevel.obj
 0002:000037c8       ??_C@_15GEMIOCAG@?$AAj?$AAa@ 00000001800117c8     libucrt:lcidtoname_downlevel.obj
 0002:000037d0       ??_C@_15EPELEGJA@?$AAk?$AAo@ 00000001800117d0     libucrt:lcidtoname_downlevel.obj
 0002:000037d8       ??_C@_15NDDHIMN@?$AAn?$AAl@ 00000001800117d8     libucrt:lcidtoname_downlevel.obj
 0002:000037e0       ??_C@_15BPIGNHCD@?$AAn?$AAo@ 00000001800117e0     libucrt:lcidtoname_downlevel.obj
 0002:000037e8       ??_C@_15DEOPBLCG@?$AAp?$AAl@ 00000001800117e8     libucrt:lcidtoname_downlevel.obj
 0002:000037f0       ??_C@_15KBECGEFG@?$AAp?$AAt@ 00000001800117f0     libucrt:lcidtoname_downlevel.obj
 0002:000037f8       ??_C@_15GLJCBFMD@?$AAr?$AAo@ 00000001800117f8     libucrt:lcidtoname_downlevel.obj
 0002:00003800       ??_C@_15FEDGKCDI@?$AAr?$AAu@ 0000000180011800     libucrt:lcidtoname_downlevel.obj
 0002:00003808       ??_C@_15GLKMLLHM@?$AAh?$AAr@ 0000000180011808     libucrt:lcidtoname_downlevel.obj
 0002:00003810       ??_C@_15CPKMFBDB@?$AAs?$AAk@ 0000000180011810     libucrt:lcidtoname_downlevel.obj
 0002:00003818       ??_C@_15BAAIOGMK@?$AAs?$AAq@ 0000000180011818     libucrt:lcidtoname_downlevel.obj
 0002:00003820       ??_C@_15INNPNOHD@?$AAs?$AAv@ 0000000180011820     libucrt:lcidtoname_downlevel.obj
 0002:00003828       ??_C@_15CABMMOGH@?$AAt?$AAh@ 0000000180011828     libucrt:lcidtoname_downlevel.obj
 0002:00003830       ??_C@_15BPLIHJJM@?$AAt?$AAr@ 0000000180011830     libucrt:lcidtoname_downlevel.obj
 0002:00003838       ??_C@_15NEOEKKDJ@?$AAu?$AAr@ 0000000180011838     libucrt:lcidtoname_downlevel.obj
 0002:00003840       ??_C@_15NFICGAJK@?$AAi?$AAd@ 0000000180011840     libucrt:lcidtoname_downlevel.obj
 0002:00003848       ??_C@_15HPJPHDM@?$AAb?$AAe@ 0000000180011848     libucrt:lcidtoname_downlevel.obj
 0002:00003850       ??_C@_15LCHLGJII@?$AAs?$AAl@ 0000000180011850     libucrt:lcidtoname_downlevel.obj
 0002:00003858       ??_C@_15PCFJPHHO@?$AAe?$AAt@ 0000000180011858     libucrt:lcidtoname_downlevel.obj
 0002:00003860       ??_C@_15HPFPGODN@?$AAl?$AAv@ 0000000180011860     libucrt:lcidtoname_downlevel.obj
 0002:00003868       ??_C@_15NFFGKGLG@?$AAl?$AAt@ 0000000180011868     libucrt:lcidtoname_downlevel.obj
 0002:00003870       ??_C@_15BDAKCCHN@?$AAf?$AAa@ 0000000180011870     libucrt:lcidtoname_downlevel.obj
 0002:00003878       ??_C@_15NFGIAIAJ@?$AAv?$AAi@ 0000000180011878     libucrt:lcidtoname_downlevel.obj
 0002:00003880       ??_C@_15LMKNDMHN@?$AAh?$AAy@ 0000000180011880     libucrt:lcidtoname_downlevel.obj
 0002:00003888       ??_C@_15IJBHMCFL@?$AAa?$AAz@ 0000000180011888     libucrt:lcidtoname_downlevel.obj
 0002:00003890       ??_C@_15EKOFJABL@?$AAe?$AAu@ 0000000180011890     libucrt:lcidtoname_downlevel.obj
 0002:00003898       ??_C@_15BGHADCNK@?$AAm?$AAk@ 0000000180011898     libucrt:lcidtoname_downlevel.obj
 0002:000038a0       ??_C@_15JDNICKHM@?$AAa?$AAf@ 00000001800118a0     libucrt:lcidtoname_downlevel.obj
 0002:000038a8       ??_C@_15KPJEDBKD@?$AAk?$AAa@ 00000001800118a8     libucrt:lcidtoname_downlevel.obj
 0002:000038b0       ??_C@_15PDNFFFEO@?$AAf?$AAo@ 00000001800118b0     libucrt:lcidtoname_downlevel.obj
 0002:000038b8       ??_C@_15OMLEGLOC@?$AAh?$AAi@ 00000001800118b8     libucrt:lcidtoname_downlevel.obj
 0002:000038c0       ??_C@_15IDNNENKK@?$AAm?$AAs@ 00000001800118c0     libucrt:lcidtoname_downlevel.obj
 0002:000038c8       ??_C@_15MACJNBMH@?$AAk?$AAk@ 00000001800118c8     libucrt:lcidtoname_downlevel.obj
 0002:000038d0       ??_C@_15DKDJEOND@?$AAk?$AAy@ 00000001800118d0     libucrt:lcidtoname_downlevel.obj
 0002:000038d8       ??_C@_15DFGDLJBG@?$AAs?$AAw@ 00000001800118d8     libucrt:lcidtoname_downlevel.obj
 0002:000038e0       ??_C@_15BBFAICNG@?$AAu?$AAz@ 00000001800118e0     libucrt:lcidtoname_downlevel.obj
 0002:000038e8       ??_C@_15DKNDCGEA@?$AAt?$AAt@ 00000001800118e8     libucrt:lcidtoname_downlevel.obj
 0002:000038f0       ??_C@_15MGIFMDPL@?$AAp?$AAa@ 00000001800118f0     libucrt:lcidtoname_downlevel.obj
 0002:000038f8       ??_C@_15HCNDBBA@?$AAg?$AAu@ 00000001800118f8     libucrt:lcidtoname_downlevel.obj
 0002:00003900       ??_C@_15FNBEIBON@?$AAt?$AAa@ 0000000180011900     libucrt:lcidtoname_downlevel.obj
 0002:00003908       ??_C@_15NCHGBGLK@?$AAt?$AAe@ 0000000180011908     libucrt:lcidtoname_downlevel.obj
 0002:00003910       ??_C@_15PHPHCBPF@?$AAk?$AAn@ 0000000180011910     libucrt:lcidtoname_downlevel.obj
 0002:00003918       ??_C@_15DLGBCKMP@?$AAm?$AAr@ 0000000180011918     libucrt:lcidtoname_downlevel.obj
 0002:00003920       ??_C@_15EABBLBFF@?$AAs?$AAa@ 0000000180011920     libucrt:lcidtoname_downlevel.obj
 0002:00003928       ??_C@_15CBKOMCOI@?$AAm?$AAn@ 0000000180011928     libucrt:lcidtoname_downlevel.obj
 0002:00003930       ??_C@_15CKDMCJAF@?$AAg?$AAl@ 0000000180011930     libucrt:lcidtoname_downlevel.obj
 0002:00003938       ??_C@_17CNJFBPG@?$AAk?$AAo?$AAk@ 0000000180011938     libucrt:lcidtoname_downlevel.obj
 0002:00003940       ??_C@_17FFBJICPL@?$AAs?$AAy?$AAr@ 0000000180011940     libucrt:lcidtoname_downlevel.obj
 0002:00003948       ??_C@_17KPNDCPAF@?$AAd?$AAi?$AAv@ 0000000180011948     libucrt:lcidtoname_downlevel.obj
 0002:00003950       ??_C@_11LOCGONAA@@         0000000180011950     libucrt:lcidtoname_downlevel.obj
 0002:00003958       ??_C@_1M@OKAHONE@?$AAa?$AAr?$AA?9?$AAS?$AAA@ 0000000180011958     libucrt:lcidtoname_downlevel.obj
 0002:00003968       ??_C@_1M@FFFIGIGK@?$AAb?$AAg?$AA?9?$AAB?$AAG@ 0000000180011968     libucrt:lcidtoname_downlevel.obj
 0002:00003978       ??_C@_1M@BJNKEDC@?$AAc?$AAa?$AA?9?$AAE?$AAS@ 0000000180011978     libucrt:lcidtoname_downlevel.obj
 0002:00003988       ??_C@_1M@IJJHFJHA@?$AAc?$AAs?$AA?9?$AAC?$AAZ@ 0000000180011988     libucrt:lcidtoname_downlevel.obj
 0002:00003998       ??_C@_1M@CLPEOBGI@?$AAd?$AAa?$AA?9?$AAD?$AAK@ 0000000180011998     libucrt:lcidtoname_downlevel.obj
 0002:000039a8       ??_C@_1M@MCMADGCB@?$AAd?$AAe?$AA?9?$AAD?$AAE@ 00000001800119a8     libucrt:lcidtoname_downlevel.obj
 0002:000039b8       ??_C@_1M@OOCKEMAM@?$AAe?$AAl?$AA?9?$AAG?$AAR@ 00000001800119b8     libucrt:lcidtoname_downlevel.obj
 0002:000039c8       ??_C@_1M@DDNJFGID@?$AAf?$AAi?$AA?9?$AAF?$AAI@ 00000001800119c8     libucrt:lcidtoname_downlevel.obj
 0002:000039d8       ??_C@_1M@GLIPPMAC@?$AAf?$AAr?$AA?9?$AAF?$AAR@ 00000001800119d8     libucrt:lcidtoname_downlevel.obj
[...]
 0004:00000834       $pdata$?fin$0@?0??update_thread_multibyte_data_internal@@YAPEAU__crt_multibyte_data@@QEAU__acrt_ptd@@QEAPEAU1@@Z@4HA 000000018001a834     libucrt:mbctype.obj
 0004:00000840       $pdata$?setmbcp_internal@@YAHH_NQEAU__acrt_ptd@@QEAPEAU__crt_multibyte_data@@@Z 000000018001a840     libucrt:mbctype.obj
 0004:0000084c       $pdata$?setSBUpLow@@YAXPEAU__crt_multibyte_data@@@Z 000000018001a84c     libucrt:mbctype.obj
 0004:00000858       $pdata$??$?RV<lambda_efdfa57d1f175319df784efa44bb7b81>@@AEAV<lambda_5f0a4c1567f8adc6734073e5d1e1b35c>@@V<lambda_2e8a7d3640ea6ccb4c2413664c2db6fd>@@@?$__crt_seh_guarded_call@X@@QEAAX$$QEAV<lambda_efdfa57d1f175319df784efa44bb7b81>@@AEAV<lambda_5f0a4c1567f8adc6734073e5d1e1b35c>@@$$QEAV<lambda_2e8a7d3640ea6ccb4c2413664c2db6fd>@@@Z 000000018001a858     libucrt:mbctype.obj
 0004:00000864       $pdata$?x_ismbbtype_l@@YAHPEAU__crt_locale_pointers@@IHH@Z 000000018001a864     libucrt:ismbbyte.obj
 0004:00000870       $pdata$__acrt_initialize_command_line 000000018001a870     libucrt:argv_data.obj
 0004:0000087c       $pdata$__acrt_WideCharToMultiByte 000000018001a87c     libucrt:widechartomultibyte.obj
 0004:00000888       $pdata$__dcrt_get_narrow_environment_from_os 000000018001a888     libucrt:get_environment_from_os.obj
 0004:00000894       $pdata$_recalloc_base      000000018001a894     libucrt:recalloc.obj
 0004:000008a0       $pdata$__acrt_initialize_winapi_thunks 000000018001a8a0     libucrt:winapi_thunks.obj
 0004:000008ac       $pdata$__acrt_uninitialize_winapi_thunks 000000018001a8ac     libucrt:winapi_thunks.obj
 0004:000008b8       $pdata$__acrt_AreFileApisANSI 000000018001a8b8     libucrt:winapi_thunks.obj
 0004:000008c4       $pdata$__acrt_FlsAlloc     000000018001a8c4     libucrt:winapi_thunks.obj
 0004:000008d0       $pdata$__acrt_FlsFree      000000018001a8d0     libucrt:winapi_thunks.obj
 0004:000008dc       $pdata$__acrt_FlsGetValue  000000018001a8dc     libucrt:winapi_thunks.obj
 0004:000008e8       $pdata$__acrt_FlsSetValue  000000018001a8e8     libucrt:winapi_thunks.obj
 0004:000008f4       $pdata$__acrt_InitializeCriticalSectionEx 000000018001a8f4     libucrt:winapi_thunks.obj
 0004:00000900       $pdata$__acrt_LCMapStringEx 000000018001a900     libucrt:winapi_thunks.obj
 0004:0000090c       $pdata$__acrt_LocaleNameToLCID 000000018001a90c     libucrt:winapi_thunks.obj
 0004:00000918       $pdata$__acrt_AppPolicyGetProcessTerminationMethodInternal 000000018001a918     libucrt:winapi_thunks.obj
 0004:00000924       $pdata$?try_get_function@@YAPEAXW4function_id@?A0x391cf84c@@QEBDQEBW4module_id@2@2@Z 000000018001a924     libucrt:winapi_thunks.obj
 0004:00000930       $pdata$__acrt_initialize_heap 000000018001a930     libucrt:heap_handle.obj
 0004:0000093c       $pdata$__acrt_initialize_lowio 000000018001a93c     libucrt:ioinit.obj
 0004:00000948       $pdata$__acrt_initialize_lowio$fin$0 000000018001a948     libucrt:ioinit.obj
 0004:00000948       $pdata$__acrt_lowio_ensure_fh_exists$fin$0 000000018001a948     libucrt:osfinfo.obj
 0004:00000954       $pdata$__acrt_uninitialize_lowio 000000018001a954     libucrt:ioinit.obj
 0004:00000960       $pdata$?initialize_inherited_file_handles_nolock@@YAXXZ 000000018001a960     libucrt:ioinit.obj
 0004:0000096c       $pdata$?initialize_stdio_handles_nolock@@YAXXZ 000000018001a96c     libucrt:ioinit.obj
 0004:00000978       $pdata$__acrt_execute_initializers 000000018001a978     libucrt:shared_initialization.obj
 0004:00000984       $pdata$__acrt_execute_uninitializers 000000018001a984     libucrt:shared_initialization.obj
 0004:00000990       $pdata$__acrt_get_sigabrt_handler 000000018001a990     libucrt:signal.obj
 0004:0000099c       $pdata$raise               000000018001a99c     libucrt:signal.obj
 0004:000009a8       $pdata$raise$fin$0         000000018001a9a8     libucrt:signal.obj
 0004:000009b4       $pdata$??$?RV<lambda_450d765d439847d4c735a33c368b5fc0>@@AEAV<lambda_44731a7d0e6d81c3e6aa82d741081786>@@V<lambda_601a2a7da3b7a96e9554ac7215c4b07c>@@@?$__crt_seh_guarded_call@P6AXH@Z@@QEAAP6AXH@Z$$QEAV<lambda_450d765d439847d4c735a33c368b5fc0>@@AEAV<lambda_44731a7d0e6d81c3e6aa82d741081786>@@$$QEAV<lambda_601a2a7da3b7a96e9554ac7215c4b07c>@@@Z 000000018001a9b4     libucrt:signal.obj
 0004:000009c0       $pdata$_fflush_nolock      000000018001a9c0     libucrt:fflush.obj
 0004:000009cc       $pdata$__acrt_stdio_flush_nolock 000000018001a9cc     libucrt:fflush.obj
 0004:000009d8       $pdata$?common_flush_all@@YAH_N@Z 000000018001a9d8     libucrt:fflush.obj
 0004:000009e4       $pdata$??$?RV<lambda_842d9ff0dc9ef11c61343bbaebe7f885>@@AEAV<lambda_c5860995281e5c4ce005b3de8f5874ee>@@V<lambda_d90129c13df834fdcbf8d2b88dafcf2d>@@@?$__crt_seh_guarded_call@X@@QEAAX$$QEAV<lambda_842d9ff0dc9ef11c61343bbaebe7f885>@@AEAV<lambda_c5860995281e5c4ce005b3de8f5874ee>@@$$QEAV<lambda_d90129c13df834fdcbf8d2b88dafcf2d>@@@Z 000000018001a9e4     libucrt:fflush.obj
 0004:000009f0       $pdata$?fin$0@?0???$?RV<lambda_842d9ff0dc9ef11c61343bbaebe7f885>@@AEAV<lambda_c5860995281e5c4ce005b3de8f5874ee>@@V<lambda_d90129c13df834fdcbf8d2b88dafcf2d>@@@?$__crt_seh_guarded_call@X@@QEAAX$$QEAV<lambda_842d9ff0dc9ef11c61343bbaebe7f885>@@AEAV<lambda_c5860995281e5c4ce005b3de8f5874ee>@@$$QEAV<lambda_d90129c13df834fdcbf8d2b88dafcf2d>@@@Z@4HA 000000018001a9f0     libucrt:fflush.obj
 0004:000009fc       $pdata$??$?RV<lambda_886d6c58226a84441f68b9f2b8217b83>@@AEAV<lambda_ab61a845afdef5b7c387490eaf3616ee>@@V<lambda_f7f22ab5edc0698d5f6905b0d3f44752>@@@?$__crt_seh_guarded_call@X@@QEAAX$$QEAV<lambda_886d6c58226a84441f68b9f2b8217b83>@@AEAV<lambda_ab61a845afdef5b7c387490eaf3616ee>@@$$QEAV<lambda_f7f22ab5edc0698d5f6905b0d3f44752>@@@Z 000000018001a9fc     libucrt:fflush.obj
 0004:00000a08       $pdata$?fin$0@?0???$?RV<lambda_886d6c58226a84441f68b9f2b8217b83>@@AEAV<lambda_ab61a845afdef5b7c387490eaf3616ee>@@V<lambda_f7f22ab5edc0698d5f6905b0d3f44752>@@@?$__crt_seh_guarded_call@X@@QEAAX$$QEAV<lambda_886d6c58226a84441f68b9f2b8217b83>@@AEAV<lambda_ab61a845afdef5b7c387490eaf3616ee>@@$$QEAV<lambda_f7f22ab5edc0698d5f6905b0d3f44752>@@@Z@4HA 000000018001aa08     libucrt:fflush.obj
 0004:00000a14       $pdata$__acrt_initialize_stdio 000000018001aa14     libucrt:_file.obj
 0004:00000a20       $pdata$__acrt_uninitialize_stdio 000000018001aa20     libucrt:_file.obj
 0004:00000a2c       $pdata$_mbtowc_l           000000018001aa2c     libucrt:mbtowc.obj
 0004:00000a38       $pdata$_fileno             000000018001aa38     libucrt:fileno.obj
 0004:00000a44       $pdata$__pctype_func       000000018001aa44     libucrt:ctype.obj
 0004:00000a50       $pdata$__acrt_release_locale_ref 000000018001aa50     libucrt:locale_refcounting.obj
 0004:00000a5c       $pdata$__acrt_free_locale  000000018001aa5c     libucrt:locale_refcounting.obj
 0004:00000a68       $pdata$__acrt_locale_free_lc_time_if_unreferenced 000000018001aa68     libucrt:locale_refcounting.obj
 0004:00000a74       $pdata$__acrt_update_thread_locale_data 000000018001aa74     libucrt:locale_refcounting.obj
 0004:00000a80       $pdata$__acrt_update_thread_locale_data$fin$0 000000018001aa80     libucrt:locale_refcounting.obj
 0004:00000a8c       $pdata$_updatetlocinfoEx_nolock 000000018001aa8c     libucrt:locale_refcounting.obj
 0004:00000a98       $pdata$__acrt_locale_free_monetary 000000018001aa98     libucrt:initmon.obj
 0004:00000aa4       $pdata$__acrt_locale_free_numeric 000000018001aaa4     libucrt:initnum.obj
 0004:00000ab0       $pdata$__acrt_locale_free_time 000000018001aab0     libucrt:inittime.obj
 0004:00000abc       $pdata$?free_crt_array_internal@@YAXQEAPEBX_K@Z 000000018001aabc     libucrt:inittime.obj
 0004:00000ac8       $pdata$__acrt_GetStringTypeA 000000018001aac8     libucrt:getstringtypea.obj
 0004:00000ad4       $pdata$qsort               000000018001aad4     libucrt:qsort.obj
 0004:00000ae0       $pdata$4$qsort             000000018001aae0     libucrt:qsort.obj
 0004:00000aec       $pdata$5$qsort             000000018001aaec     libucrt:qsort.obj
 0004:00000af8       $pdata$strncpy_s           000000018001aaf8     libucrt:strncpy_s.obj
 0004:00000b04       $pdata$strpbrk             000000018001ab04     libucrt:strpbrk.obj
 0004:00000b10       $pdata$fallbackMethod      000000018001ab10     libucrt:strpbrk.obj
 0004:00000b1c       $pdata$_mbsdec_l           000000018001ab1c     libucrt:mbsdec.obj
 0004:00000b28       $pdata$__acrt_LCMapStringA 000000018001ab28     libucrt:lcmapstringa.obj
 0004:00000b34       $pdata$?__acrt_LCMapStringA_stat@@YAHPEAU__crt_locale_pointers@@PEB_WKPEBDHPEADHHH@Z 000000018001ab34     libucrt:lcmapstringa.obj
 0004:00000b40       $pdata$?initialize_multibyte@@YAHXZ 000000018001ab40     libucrt:multibyte_initializer.obj
 0004:00000b4c       $pdata$_msize_base         000000018001ab4c     libucrt:msize.obj
 0004:00000b58       $pdata$_realloc_base       000000018001ab58     libucrt:realloc_base.obj
 0004:00000b64       $pdata$__acrt_DownlevelLocaleNameToLCID 000000018001ab64     libucrt:lcidtoname_downlevel.obj
 0004:00000b70       $pdata$_get_osfhandle      000000018001ab70     libucrt:osfinfo.obj
 0004:00000b7c       $pdata$_free_osfhnd        000000018001ab7c     libucrt:osfinfo.obj
 0004:00000b88       $pdata$__acrt_lowio_create_handle_array 000000018001ab88     libucrt:osfinfo.obj
 0004:00000b94       $pdata$__acrt_lowio_destroy_handle_array 000000018001ab94     libucrt:osfinfo.obj
 0004:00000ba0       $pdata$__acrt_lowio_ensure_fh_exists 000000018001aba0     libucrt:osfinfo.obj
 0004:00000bac       $pdata$_commit             000000018001abac     libucrt:commit.obj
 0004:00000bb8       $pdata$??$?RV<lambda_a37b2b86f63e897a80ea819b0eb08c01>@@AEAV<lambda_38ce7e780aa69e748d6df282ebc68efe>@@V<lambda_99fb1378e971ab6e7edea83e3a7a83a2>@@@?$__crt_seh_guarded_call@H@@QEAAH$$QEAV<lambda_a37b2b86f63e897a80ea819b0eb08c01>@@AEAV<lambda_38ce7e780aa69e748d6df282ebc68efe>@@$$QEAV<lambda_99fb1378e971ab6e7edea83e3a7a83a2>@@@Z 000000018001abb8     libucrt:commit.obj
 0004:00000bc4       $pdata$?fin$0@?0???$?RV<lambda_751a882b2c74d4b022dec766aa51a29a>@@AEAV<lambda_628dfdc04ba53c8bfc02c9951375f3f5>@@V<lambda_f6c7be5f7998530c34de24c7437d6b54>@@@?$__crt_seh_guarded_call@H@@QEAAH$$QEAV<lambda_751a882b2c74d4b022dec766aa51a29a>@@AEAV<lambda_628dfdc04ba53c8bfc02c9951375f3f5>@@$$QEAV<lambda_f6c7be5f7998530c34de24c7437d6b54>@@@Z@4HA 000000018001abc4     libucrt:close.obj
 0004:00000bc4       $pdata$?fin$0@?0???$?RV<lambda_a37b2b86f63e897a80ea819b0eb08c01>@@AEAV<lambda_38ce7e780aa69e748d6df282ebc68efe>@@V<lambda_99fb1378e971ab6e7edea83e3a7a83a2>@@@?$__crt_seh_guarded_call@H@@QEAAH$$QEAV<lambda_a37b2b86f63e897a80ea819b0eb08c01>@@AEAV<lambda_38ce7e780aa69e748d6df282ebc68efe>@@$$QEAV<lambda_99fb1378e971ab6e7edea83e3a7a83a2>@@@Z@4HA 000000018001abc4     libucrt:commit.obj
 0004:00000bd0       $pdata$_write              000000018001abd0     libucrt:write.obj
 0004:00000bdc       $pdata$_write$fin$0        000000018001abdc     libucrt:write.obj
 0004:00000be8       $pdata$_write_nolock       000000018001abe8     libucrt:write.obj
 0004:00000bf4       $pdata$?write_double_translated_ansi_nolock@@YA?AUwrite_result@?A0x17268360@@HQEBDI@Z 000000018001abf4     libucrt:write.obj
 0004:00000c00       $pdata$?write_text_ansi_nolock@@YA?AUwrite_result@?A0x17268360@@HQEBDI@Z 000000018001ac00     libucrt:write.obj
 0004:00000c0c       $pdata$?write_text_utf16le_nolock@@YA?AUwrite_result@?A0x17268360@@HQEBDI@Z 000000018001ac0c     libucrt:write.obj
 0004:00000c18       $pdata$?write_text_utf8_nolock@@YA?AUwrite_result@?A0x17268360@@HQEBDI@Z 000000018001ac18     libucrt:write.obj
 0004:00000c24       $pdata$_fcloseall          000000018001ac24     libucrt:closeall.obj
 0004:00000c30       $pdata$_fcloseall$fin$0    000000018001ac30     libucrt:closeall.obj
 0004:00000c3c       $pdata$__acrt_stdio_free_buffer_nolock 000000018001ac3c     libucrt:_freebuf.obj
 0004:00000c48       $pdata$_isatty             000000018001ac48     libucrt:isatty.obj
 0004:00000c54       $pdata$_isleadbyte_l       000000018001ac54     libucrt:_wctype.obj
 0004:00000c60       $pdata$?__mbrtowc_utf8@__crt_mbstring@@YA_KPEA_WPEBD_KPEAU_Mbstatet@@@Z 000000018001ac60     libucrt:mbrtowc.obj
 0004:00000c6c       $pdata$?__mbsrtowcs_utf8@__crt_mbstring@@YA_KPEA_WPEAPEBD_KPEAU_Mbstatet@@@Z 000000018001ac6c     libucrt:mbrtowc.obj
 0004:00000c78       $pdata$??$common_lseek_nolock@_J@@YA_JH_JH@Z 000000018001ac78     libucrt:lseek.obj
 0004:00000c84       $pdata$_putwch_nolock      000000018001ac84     libucrt:putwch.obj
 0004:00000c90       $pdata$fclose              000000018001ac90     libucrt:fclose.obj
 0004:00000c9c       $pdata$fclose$fin$0        000000018001ac9c     libucrt:fclose.obj
 0004:00000ca8       $pdata$_fclose_nolock      000000018001aca8     libucrt:fclose.obj
 0004:00000cb4       $pdata$?__mbrtoc32_utf8@__crt_mbstring@@YA_KPEA_UPEBD_KPEAU_Mbstatet@@@Z 000000018001acb4     libucrt:mbrtoc32.obj
 0004:00000ccc       $pdata$__dcrt_lowio_ensure_console_output_initialized 000000018001accc     libucrt:initcon.obj
 0004:00000cd8       $pdata$__dcrt_write_console 000000018001acd8     libucrt:initcon.obj
 0004:00000ce4       $pdata$__dcrt_terminate_console_output 000000018001ace4     libucrt:initcon.obj
 0004:00000cf0       $pdata$_close              000000018001acf0     libucrt:close.obj
 0004:00000cfc       $pdata$_close_nolock       000000018001acfc     libucrt:close.obj
 0004:00000d08       $pdata$??$?RV<lambda_751a882b2c74d4b022dec766aa51a29a>@@AEAV<lambda_628dfdc04ba53c8bfc02c9951375f3f5>@@V<lambda_f6c7be5f7998530c34de24c7437d6b54>@@@?$__crt_seh_guarded_call@H@@QEAAH$$QEAV<lambda_751a882b2c74d4b022dec766aa51a29a>@@AEAV<lambda_628dfdc04ba53c8bfc02c9951375f3f5>@@$$QEAV<lambda_f6c7be5f7998530c34de24c7437d6b54>@@@Z 000000018001ad08     libucrt:close.obj
 0004:00000d14       $pdata$_call_matherr       000000018001ad14     libucrt:libm_error.obj
 0004:00000d20       $pdata$_exception_enabled  000000018001ad20     libucrt:libm_error.obj
 0004:00000d2c       $pdata$_handle_error       000000018001ad2c     libucrt:libm_error.obj
 0004:00000d38       $pdata$__acrt_initialize_fma3 000000018001ad38     libucrt:fma3_available.obj
 0004:00000d44       $pdata$_log_special_common 000000018001ad44     libucrt:log_special.obj
 0004:00000d50       $pdata$_log10_special      000000018001ad50     libucrt:log_special.obj
 0004:00000d68       $pdata$_set_errno_from_matherr 000000018001ad68     libucrt:fpexcept.obj
 0004:00000d74       $pdata$_raise_exc          000000018001ad74     libucrt:fpexcept.obj
 0004:00000d80       $pdata$_raise_exc_ex       000000018001ad80     libucrt:fpexcept.obj
 0004:00000d8c       $pdata$_clrfp              000000018001ad8c     libucrt:fpctrl.obj
 0004:00000d98       $pdata$_ctrlfp             000000018001ad98     libucrt:fpctrl.obj
 0004:00000da4       $pdata$_ctrlfp$filt$0      000000018001ada4     libucrt:fpctrl.obj
 0004:00000db0       $pdata$_statfp             000000018001adb0     libucrt:fpctrl.obj
 0004:00000dbc       $pdata$_set_statfp         000000018001adbc     libucrt:fpctrl.obj
 0004:00000dc8       $pdata$?DloadGetSRWLockFunctionPointers@@YAEXZ 000000018001adc8     DelayImp:delayhlp.obj
 0004:00000dd4       $pdata$?DloadObtainSection@@YAPEAXPEAK0@Z 000000018001add4     DelayImp:delayhlp.obj
 0004:00000de0       $pdata$?DloadMakePermanentImageCommit@@YAXPEAX_K@Z 000000018001ade0     DelayImp:delayhlp.obj
 0004:00000dec       $pdata$?DloadProtectSection@@YAXKPEAK@Z 000000018001adec     DelayImp:delayhlp.obj
 0004:00000df8       $pdata$?DloadAcquireSectionWriteAccess@@YAXXZ 000000018001adf8     DelayImp:delayhlp.obj
 0004:00000e04       $pdata$?DloadReleaseSectionWriteAccess@@YAXXZ 000000018001ae04     DelayImp:delayhlp.obj
 0004:00000e10       $pdata$__delayLoadHelper2  000000018001ae10     DelayImp:delayhlp.obj
 0004:00000e1c       $pdata$_IsNonwritableInCurrentImage 000000018001ae1c     LIBCMT:pesect.obj
 0004:00000e28       $pdata$_IsNonwritableInCurrentImage$filt$0 000000018001ae28     LIBCMT:pesect.obj
 0004:00000e34       $pdata$__GSHandlerCheckCommon 000000018001ae34     LIBCMT:gshandler.obj
 0004:00000e40       $pdata$__GSHandlerCheck    000000018001ae40     LIBCMT:gshandler.obj
 0004:00000e64       $pdata$??$_Reallocate_grow_by@V<lambda_65e615be2a453ca0576c979606f46740>@@PEBD_K@?$basic_string@DU?$char_traits@D@std@@V?$allocator@D@2@@std@@AEAAAEAV01@_KV<lambda_65e615be2a453ca0576c979606f46740>@@PEBD_K@Z 000000018001ae64     hello.obj
 0004:00000e70       $pdata$3$??$_Reallocate_grow_by@V<lambda_65e615be2a453ca0576c979606f46740>@@PEBD_K@?$basic_string@DU?$char_traits@D@std@@V?$allocator@D@2@@std@@AEAAAEAV01@_KV<lambda_65e615be2a453ca0576c979606f46740>@@PEBD_K@Z 000000018001ae70     hello.obj
 0004:00000e7c       $pdata$4$??$_Reallocate_grow_by@V<lambda_65e615be2a453ca0576c979606f46740>@@PEBD_K@?$basic_string@DU?$char_traits@D@std@@V?$allocator@D@2@@std@@AEAAAEAV01@_KV<lambda_65e615be2a453ca0576c979606f46740>@@PEBD_K@Z 000000018001ae7c     hello.obj
 0004:00000e88       $pdata$5$??$_Reallocate_grow_by@V<lambda_65e615be2a453ca0576c979606f46740>@@PEBD_K@?$basic_string@DU?$char_traits@D@std@@V?$allocator@D@2@@std@@AEAAAEAV01@_KV<lambda_65e615be2a453ca0576c979606f46740>@@PEBD_K@Z 000000018001ae88     hello.obj
 0004:00000e94       $pdata$??0?$basic_string@DU?$char_traits@D@std@@V?$allocator@D@2@@std@@QEAA@U_String_constructor_concat_tag@1@AEAV01@1@Z 000000018001ae94     hello.obj
 0004:00000ea0       $pdata$?assign@?$basic_string@DU?$char_traits@D@std@@V?$allocator@D@2@@std@@QEAAAEAV12@QEBD_K@Z 000000018001aea0     hello.obj
 0004:00000eac       $pdata$0$?assign@?$basic_string@DU?$char_traits@D@std@@V?$allocator@D@2@@std@@QEAAAEAV12@QEBD_K@Z 000000018001aeac     hello.obj
 0004:00000eb8       $pdata$1$?assign@?$basic_string@DU?$char_traits@D@std@@V?$allocator@D@2@@std@@QEAAAEAV12@QEBD_K@Z 000000018001aeb8     hello.obj
 0004:00000ec4       $pdata$2$?assign@?$basic_string@DU?$char_traits@D@std@@V?$allocator@D@2@@std@@QEAAAEAV12@QEBD_K@Z 000000018001aec4     hello.obj
 0004:00000ed0       $pdata$3$?assign@?$basic_string@DU?$char_traits@D@std@@V?$allocator@D@2@@std@@QEAAAEAV12@QEBD_K@Z 000000018001aed0     hello.obj
 0004:00000edc       $pdata$4$?assign@?$basic_string@DU?$char_traits@D@std@@V?$allocator@D@2@@std@@QEAAAEAV12@QEBD_K@Z 000000018001aedc     hello.obj
 0004:00000ee8       $pdata$?init@demo@@YAXV?$Local@VObject@v8@@@v8@@@Z 000000018001aee8     hello.obj
 0004:00000ef4       $pdata$?Method@demo@@YAXAEBV?$FunctionCallbackInfo@VValue@v8@@@v8@@@Z 000000018001aef4     hello.obj
 0004:00000f00       $pdata$?getCPUUsage@demo@@YA?AV?$basic_string@DU?$char_traits@D@std@@V?$allocator@D@2@@std@@XZ 000000018001af00     hello.obj
 0004:00000f0c       $pdata$?to_string@std@@YA?AV?$basic_string@DU?$char_traits@D@std@@V?$allocator@D@2@@1@_J@Z 000000018001af0c     hello.obj
 0004:00000f18       $pdata$?_Xlen_string@std@@YAXXZ 000000018001af18     hello.obj
 0004:00000f24       $pdata$?_Throw_bad_array_new_length@std@@YAXXZ 000000018001af24     hello.obj
 0004:00000f30       $pdata$??_Gbad_array_new_length@stdext@@UEAAPEAXI@Z 000000018001af30     hello.obj
 0004:00000f30       $pdata$??_Gexception@stdext@@UEAAPEAXI@Z 000000018001af30     hello.obj
 0004:00000f3c       $pdata$?_Doraise@bad_alloc@stdext@@MEBAXXZ 000000018001af3c     hello.obj
 0004:00000f48       $pdata$?_Raise@exception@stdext@@QEBAXXZ 000000018001af48     hello.obj
 0004:00000f54       $pdata$?load_exe_hook@@YAP6A_JXZIPEAUDelayLoadInfo@@@Z 000000018001af54     win_delay_load_hook.obj
 0005:00000000       MsetTab                    000000018001b000     libvcruntime:memset.obj
 0005:00000050       MoveSmall                  000000018001b050     libvcruntime:memcpy.obj
 0006:00000060       $R000000                   000000018001c060     * linker generated manifest res *

 Exports

  ordinal    name

        1    _register_addon_
